Archive member included to satisfy reference by file (symbol)

c:/program files (x86)/gnu_tools_arm_embedded/5.4_2016q3/bin/../lib/gcc/arm-none-eabi/5.4.1/../../../../arm-none-eabi/lib/armv7e-m\libm.a(lib_a-sf_round.o)
                              ..\obj\helperFunctionsLib.o (roundf)
c:/program files (x86)/gnu_tools_arm_embedded/5.4_2016q3/bin/../lib/gcc/arm-none-eabi/5.4.1/armv7e-m\libgcc.a(_arm_addsubdf3.o)
                              ..\obj\helperFunctionsLib.o (__aeabi_f2d)
c:/program files (x86)/gnu_tools_arm_embedded/5.4_2016q3/bin/../lib/gcc/arm-none-eabi/5.4.1/armv7e-m\libgcc.a(_arm_muldivdf3.o)
                              ..\obj\helperFunctionsLib.o (__aeabi_dmul)
c:/program files (x86)/gnu_tools_arm_embedded/5.4_2016q3/bin/../lib/gcc/arm-none-eabi/5.4.1/armv7e-m\libgcc.a(_arm_truncdfsf2.o)
                              ..\obj\helperFunctionsLib.o (__aeabi_d2f)
c:/program files (x86)/gnu_tools_arm_embedded/5.4_2016q3/bin/../lib/gcc/arm-none-eabi/5.4.1/armv7e-m\libgcc.a(_arm_addsubsf3.o)
                              ..\obj\helperFunctionsLib.o (__aeabi_fsub)
c:/program files (x86)/gnu_tools_arm_embedded/5.4_2016q3/bin/../lib/gcc/arm-none-eabi/5.4.1/armv7e-m\libgcc.a(_arm_muldivsf3.o)
                              ..\obj\helperFunctionsLib.o (__aeabi_fmul)
c:/program files (x86)/gnu_tools_arm_embedded/5.4_2016q3/bin/../lib/gcc/arm-none-eabi/5.4.1/armv7e-m\libgcc.a(_arm_fixsfsi.o)
                              ..\obj\helperFunctionsLib.o (__aeabi_f2iz)
c:/program files (x86)/gnu_tools_arm_embedded/5.4_2016q3/bin/../lib/gcc/arm-none-eabi/5.4.1/../../../../arm-none-eabi/lib/armv7e-m\libc.a(lib_a-snprintf.o)
                              ..\obj\helperFunctionsLib.o (snprintf)
c:/program files (x86)/gnu_tools_arm_embedded/5.4_2016q3/bin/../lib/gcc/arm-none-eabi/5.4.1/../../../../arm-none-eabi/lib/armv7e-m\libc.a(lib_a-svfprintf.o)
                              c:/program files (x86)/gnu_tools_arm_embedded/5.4_2016q3/bin/../lib/gcc/arm-none-eabi/5.4.1/../../../../arm-none-eabi/lib/armv7e-m\libc.a(lib_a-snprintf.o) (_svfprintf_r)
c:/program files (x86)/gnu_tools_arm_embedded/5.4_2016q3/bin/../lib/gcc/arm-none-eabi/5.4.1/../../../../arm-none-eabi/lib/armv7e-m\libc.a(lib_a-dtoa.o)
                              c:/program files (x86)/gnu_tools_arm_embedded/5.4_2016q3/bin/../lib/gcc/arm-none-eabi/5.4.1/../../../../arm-none-eabi/lib/armv7e-m\libc.a(lib_a-svfprintf.o) (_dtoa_r)
c:/program files (x86)/gnu_tools_arm_embedded/5.4_2016q3/bin/../lib/gcc/arm-none-eabi/5.4.1/../../../../arm-none-eabi/lib/armv7e-m\libc.a(lib_a-impure.o)
                              c:/program files (x86)/gnu_tools_arm_embedded/5.4_2016q3/bin/../lib/gcc/arm-none-eabi/5.4.1/../../../../arm-none-eabi/lib/armv7e-m\libc.a(lib_a-snprintf.o) (_impure_ptr)
c:/program files (x86)/gnu_tools_arm_embedded/5.4_2016q3/bin/../lib/gcc/arm-none-eabi/5.4.1/../../../../arm-none-eabi/lib/armv7e-m\libc.a(lib_a-localeconv.o)
                              c:/program files (x86)/gnu_tools_arm_embedded/5.4_2016q3/bin/../lib/gcc/arm-none-eabi/5.4.1/../../../../arm-none-eabi/lib/armv7e-m\libc.a(lib_a-svfprintf.o) (_localeconv_r)
c:/program files (x86)/gnu_tools_arm_embedded/5.4_2016q3/bin/../lib/gcc/arm-none-eabi/5.4.1/../../../../arm-none-eabi/lib/armv7e-m\libc.a(lib_a-mallocr.o)
                              c:/program files (x86)/gnu_tools_arm_embedded/5.4_2016q3/bin/../lib/gcc/arm-none-eabi/5.4.1/../../../../arm-none-eabi/lib/armv7e-m\libc.a(lib_a-svfprintf.o) (_malloc_r)
c:/program files (x86)/gnu_tools_arm_embedded/5.4_2016q3/bin/../lib/gcc/arm-none-eabi/5.4.1/../../../../arm-none-eabi/lib/armv7e-m\libc.a(lib_a-memchr.o)
                              c:/program files (x86)/gnu_tools_arm_embedded/5.4_2016q3/bin/../lib/gcc/arm-none-eabi/5.4.1/../../../../arm-none-eabi/lib/armv7e-m\libc.a(lib_a-svfprintf.o) (memchr)
c:/program files (x86)/gnu_tools_arm_embedded/5.4_2016q3/bin/../lib/gcc/arm-none-eabi/5.4.1/../../../../arm-none-eabi/lib/armv7e-m\libc.a(lib_a-memcpy.o)
                              c:/program files (x86)/gnu_tools_arm_embedded/5.4_2016q3/bin/../lib/gcc/arm-none-eabi/5.4.1/../../../../arm-none-eabi/lib/armv7e-m\libc.a(lib_a-dtoa.o) (memcpy)
c:/program files (x86)/gnu_tools_arm_embedded/5.4_2016q3/bin/../lib/gcc/arm-none-eabi/5.4.1/../../../../arm-none-eabi/lib/armv7e-m\libc.a(lib_a-mlock.o)
                              c:/program files (x86)/gnu_tools_arm_embedded/5.4_2016q3/bin/../lib/gcc/arm-none-eabi/5.4.1/../../../../arm-none-eabi/lib/armv7e-m\libc.a(lib_a-mallocr.o) (__malloc_lock)
c:/program files (x86)/gnu_tools_arm_embedded/5.4_2016q3/bin/../lib/gcc/arm-none-eabi/5.4.1/../../../../arm-none-eabi/lib/armv7e-m\libc.a(lib_a-mprec.o)
                              c:/program files (x86)/gnu_tools_arm_embedded/5.4_2016q3/bin/../lib/gcc/arm-none-eabi/5.4.1/../../../../arm-none-eabi/lib/armv7e-m\libc.a(lib_a-dtoa.o) (_Balloc)
[...]
Memory Configuration

Name             Origin             Length             Attributes
rom              0x08000000         0x00100000         xr
ram              0x20000000         0x00020000         xrw
ram1             0x10000000         0x00010000         xrw
*default*        0x00000000         0xffffffff

Linker script and memory map

                0x20020000                _eram = 0x20020000

.text           0x08000000     0x8541
 *(.isr_vector)
 .isr_vector    0x08000000      0x188 ..\obj\startup_stm32f4xx.o
                0x08000000                g_pfnVectors
 *(.text*)
 .text.Default_Reset_Handler
                0x08000188       0x5c ..\obj\startup_stm32f4xx.o
                0x08000188                Default_Reset_Handler
                0x08000188                Reset_Handler
 .text.Default_Handler
                0x080001e4        0x8 ..\obj\startup_stm32f4xx.o
                0x080001e4                RTC_Alarm_IRQHandler
                0x080001e4                HASH_RNG_IRQHandler
                0x080001e4                EXTI2_IRQHandler
                0x080001e4                TIM8_CC_IRQHandler
                0x080001e4                DebugMon_Handler
                0x080001e4                TIM1_CC_IRQHandler
                0x080001e4                DMA2_Stream5_IRQHandler
                0x080001e4                HardFault_Handler
                0x080001e4                DMA1_Stream5_IRQHandler
                0x080001e4                SysTick_Handler
                0x080001e4                PVD_IRQHandler
                0x080001e4                SDIO_IRQHandler
                0x080001e4                TAMP_STAMP_IRQHandler
                0x080001e4                PendSV_Handler
                0x080001e4                NMI_Handler
                0x080001e4                CAN2_RX1_IRQHandler
                0x080001e4                EXTI3_IRQHandler
                0x080001e4                TIM8_TRG_COM_TIM14_IRQHandler
                0x080001e4                TIM1_UP_TIM10_IRQHandler
                0x080001e4                TIM8_UP_TIM13_IRQHandler
                0x080001e4                I2C3_ER_IRQHandler
                0x080001e4                EXTI0_IRQHandler
                0x080001e4                I2C2_EV_IRQHandler
                0x080001e4                DMA1_Stream2_IRQHandler
                0x080001e4                CAN1_RX0_IRQHandler
                0x080001e4                FPU_IRQHandler
                0x080001e4                OTG_HS_WKUP_IRQHandler
                0x080001e4                UsageFault_Handler
                0x080001e4                CAN2_SCE_IRQHandler
                0x080001e4                DMA2_Stream2_IRQHandler
                0x080001e4                SPI1_IRQHandler
                0x080001e4                TIM6_DAC_IRQHandler
                0x080001e4                TIM1_BRK_TIM9_IRQHandler
                0x080001e4                DCMI_IRQHandler
                0x080001e4                CAN2_RX0_IRQHandler
                0x080001e4                DMA2_Stream3_IRQHandler
                0x080001e4                USART6_IRQHandler
                0x080001e4                USART3_IRQHandler
                0x080001e4                CRYP_IRQHandler
                0x080001e4                CAN1_RX1_IRQHandler
                0x080001e4                UART5_IRQHandler
                0x080001e4                DMA2_Stream0_IRQHandler
                0x080001e4                TIM4_IRQHandler
                0x080001e4                I2C1_EV_IRQHandler
                0x080001e4                DMA1_Stream6_IRQHandler
                0x080001e4                DMA1_Stream1_IRQHandler
                0x080001e4                UART4_IRQHandler
                0x080001e4                TIM3_IRQHandler
                0x080001e4                RCC_IRQHandler
                0x080001e4                TIM8_BRK_TIM12_IRQHandler
                0x080001e4                EXTI15_10_IRQHandler
                0x080001e4                ADC_IRQHandler
                0x080001e4                DMA1_Stream7_IRQHandler
                0x080001e4                TIM7_IRQHandler
                0x080001e4                CAN2_TX_IRQHandler
                0x080001e4                TIM5_IRQHandler
                0x080001e4                DMA2_Stream7_IRQHandler
                0x080001e4                I2C3_EV_IRQHandler
                0x080001e4                EXTI9_5_IRQHandler
                0x080001e4                RTC_WKUP_IRQHandler
                0x080001e4                ETH_WKUP_IRQHandler
                0x080001e4                SPI2_IRQHandler
                0x080001e4                OTG_HS_EP1_IN_IRQHandler
                0x080001e4                MemManage_Handler
                0x080001e4                DMA1_Stream0_IRQHandler
                0x080001e4                CAN1_TX_IRQHandler
                0x080001e4                SVC_Handler
                0x080001e4                EXTI4_IRQHandler
                0x080001e4                FSMC_IRQHandler
                0x080001e4                ETH_IRQHandler
                0x080001e4                OTG_HS_EP1_OUT_IRQHandler
                0x080001e4                WWDG_IRQHandler
                0x080001e4                TIM2_IRQHandler
                0x080001e4                OTG_FS_WKUP_IRQHandler
                0x080001e4                TIM1_TRG_COM_TIM11_IRQHandler
                0x080001e4                OTG_HS_IRQHandler
                0x080001e4                EXTI1_IRQHandler
                0x080001e4                USART2_IRQHandler
                0x080001e4                I2C2_ER_IRQHandler
                0x080001e4                DMA2_Stream1_IRQHandler
                0x080001e4                CAN1_SCE_IRQHandler
                0x080001e4                FLASH_IRQHandler
                0x080001e4                DMA2_Stream4_IRQHandler
                0x080001e4                BusFault_Handler
                0x080001e4                USART1_IRQHandler
                0x080001e4                OTG_FS_IRQHandler
                0x080001e4                SPI3_IRQHandler
                0x080001e4                DMA1_Stream4_IRQHandler
                0x080001e4                I2C1_ER_IRQHandler
                0x080001e4                DMA2_Stream6_IRQHandler
                0x080001e4                DMA1_Stream3_IRQHandler
 .text.main     0x080001ec      0x10c ..\obj\main.o
                0x080001ec                main
 .text.RCC_AHB1PeriphClockCmd
                0x080002f8       0x3c ..\obj\stm32f4xx_rcc.o
                0x080002f8                RCC_AHB1PeriphClockCmd
 .text.RCC_APB1PeriphClockCmd
                0x08000334       0x3c ..\obj\stm32f4xx_rcc.o
                0x08000334                RCC_APB1PeriphClockCmd
 .text.RCC_APB2PeriphClockCmd
                0x08000370       0x3c ..\obj\stm32f4xx_rcc.o
                0x08000370                RCC_APB2PeriphClockCmd
 .text.ADC_Init
                0x080003ac       0xa8 ..\obj\stm32f4xx_adc.o
                0x080003ac                ADC_Init
 .text.ADC_CommonInit
                0x08000454       0x50 ..\obj\stm32f4xx_adc.o
                0x08000454                ADC_CommonInit
 .text.ADC_Cmd  0x080004a4       0x38 ..\obj\stm32f4xx_adc.o
                0x080004a4                ADC_Cmd
 .text.ADC_RegularChannelConfig
                0x080004dc      0x194 ..\obj\stm32f4xx_adc.o
                0x080004dc                ADC_RegularChannelConfig
 .text.ADC_SoftwareStartConv
                0x08000670       0x20 ..\obj\stm32f4xx_adc.o
                0x08000670                ADC_SoftwareStartConv
 .text.ADC_GetConversionValue
                0x08000690       0x18 ..\obj\stm32f4xx_adc.o
                0x08000690                ADC_GetConversionValue
 .text.ADC_GetFlagStatus
                0x080006a8       0x34 ..\obj\stm32f4xx_adc.o
                0x080006a8                ADC_GetFlagStatus
 .text.setTimer
                0x080006dc       0x54 ..\obj\helperFunctionsLib.o
                0x080006dc                setTimer
 .text.heatUpProgress
                0x08000730       0x2c ..\obj\helperFunctionsLib.o
                0x08000730                heatUpProgress
 .text.adc1Init
                0x0800075c       0x70 ..\obj\helperFunctionsLib.o
                0x0800075c                adc1Init
 *fill*         0x080007cc        0x4 
 .text.printFloatAdcValue
                0x080007d0       0xd8 ..\obj\helperFunctionsLib.o
                0x080007d0                printFloatAdcValue
 .text.howLongToDrive
                0x080008a8      0x138 ..\obj\helperFunctionsLib.o
                0x080008a8                howLongToDrive
 .text.bloodAlcLevelShow
                0x080009e0       0x20 ..\obj\helperFunctionsLib.o
                0x080009e0                bloodAlcLevelShow
 .text.waitingScreenShow
                0x08000a00       0x20 ..\obj\helperFunctionsLib.o
                0x08000a00                waitingScreenShow
 .text.breathAlyzerLogoShow
                0x08000a20       0x20 ..\obj\helperFunctionsLib.o
                0x08000a20                breathAlyzerLogoShow
 .text.GPIO_Init
                0x08000a40      0x11c ..\obj\stm32f4xx_gpio.o
                0x08000a40                GPIO_Init
 .text.GPIO_ReadInputDataBit
                0x08000b5c       0x34 ..\obj\stm32f4xx_gpio.o
                0x08000b5c                GPIO_ReadInputDataBit
 .text.GPIO_SetBits
                0x08000b90       0x1c ..\obj\stm32f4xx_gpio.o
                0x08000b90                GPIO_SetBits
 .text.GPIO_ResetBits
                0x08000bac       0x1c ..\obj\stm32f4xx_gpio.o
                0x08000bac                GPIO_ResetBits
 .text.GPIO_PinAFConfig
                0x08000bc8       0x90 ..\obj\stm32f4xx_gpio.o
                0x08000bc8                GPIO_PinAFConfig
 .text.SystemInit
                0x08000c58       0x5c ..\obj\system_stm32f4xx.o
                0x08000c58                SystemInit
 .text.SetSysClock
                0x08000cb4       0xf4 ..\obj\system_stm32f4xx.o
 .text._sbrk    0x08000da8       0x3c ..\obj\syscalls.o
                0x08000da8                _sbrk
 .text.LCD5110_init
                0x08000de4       0x74 ..\obj\lcd_5110.o
                0x08000de4                LCD5110_init
 .text.LCD5110_write_char
                0x08000e58       0x54 ..\obj\lcd_5110.o
                0x08000e58                LCD5110_write_char
 .text.LCD5110_write_img
                0x08000eac       0x40 ..\obj\lcd_5110.o
                0x08000eac                LCD5110_write_img
 .text.LCD5110_write_string
                0x08000eec       0x30 ..\obj\lcd_5110.o
                0x08000eec                LCD5110_write_string
 .text.LCD5110_clear
                0x08000f1c       0x3c ..\obj\lcd_5110.o
                0x08000f1c                LCD5110_clear
 .text.LCD5110_set_XY
                0x08000f58       0x44 ..\obj\lcd_5110.o
                0x08000f58                LCD5110_set_XY
 .text.LCD5110_Write_Dec
                0x08000f9c       0xdc ..\obj\lcd_5110.o
                0x08000f9c                LCD5110_Write_Dec
 .text.LCD5110_Led
                0x08001078       0x34 ..\obj\lcd_5110.o
                0x08001078                LCD5110_Led
 .text.LCD5110_LCD_write_byte
                0x080010ac       0x40 ..\obj\lcd_5110.o
                0x080010ac                LCD5110_LCD_write_byte
 .text.LCD5110_GPIO_Config
                0x080010ec       0x38 ..\obj\lcd_5110.o
                0x080010ec                LCD5110_GPIO_Config
 .text.Init_SPI
                0x08001124       0x9c ..\obj\lcd_5110.o
                0x08001124                Init_SPI
 .text.SPI_Send_Byte
                0x080011c0       0x54 ..\obj\lcd_5110.o
                0x080011c0                SPI_Send_Byte
 .text.LCD5110_CS
                0x08001214       0x34 ..\obj\lcd_5110.o
                0x08001214                LCD5110_CS
 .text.LCD5110_RST
                0x08001248       0x34 ..\obj\lcd_5110.o
                0x08001248                LCD5110_RST
 .text.LCD5110_DC
                0x0800127c       0x34 ..\obj\lcd_5110.o
                0x0800127c                LCD5110_DC
 .text.LCD5110_DIN
                0x080012b0       0x34 ..\obj\lcd_5110.o
                0x080012b0                LCD5110_DIN
 .text.LCD5110_SCK
                0x080012e4       0x34 ..\obj\lcd_5110.o
                0x080012e4                LCD5110_SCK
 .text.LCD5110_Delay_ms
                0x08001318       0x2c ..\obj\lcd_5110.o
                0x08001318                LCD5110_Delay_ms
 .text.SPI_Init
                0x08001344       0x88 ..\obj\stm32f4xx_spi.o
                0x08001344                SPI_Init
 .text.SPI_Cmd  0x080013cc       0x40 ..\obj\stm32f4xx_spi.o
                0x080013cc                SPI_Cmd
 .text.SPI_I2S_SendData
                0x0800140c       0x1c ..\obj\stm32f4xx_spi.o
                0x0800140c                SPI_I2S_SendData
 .text.SPI_I2S_GetFlagStatus
                0x08001428       0x38 ..\obj\stm32f4xx_spi.o
                0x08001428                SPI_I2S_GetFlagStatus
 .text.TIM_TimeBaseInit
                0x08001460       0xd4 ..\obj\stm32f4xx_tim.o
                0x08001460                TIM_TimeBaseInit
 .text.TIM_Cmd  0x08001534       0x40 ..\obj\stm32f4xx_tim.o
                0x08001534                TIM_Cmd
 .text.TIM_ITConfig
                0x08001574       0x48 ..\obj\stm32f4xx_tim.o
                0x08001574                TIM_ITConfig
 .text.TIM_GetITStatus
                0x080015bc       0x54 ..\obj\stm32f4xx_tim.o
                0x080015bc                TIM_GetITStatus
 .text.TIM_ClearITPendingBit
                0x08001610       0x20 ..\obj\stm32f4xx_tim.o
                0x08001610                TIM_ClearITPendingBit
 .text.roundf   0x08001630       0x48 c:/program files (x86)/gnu_tools_arm_embedded/5.4_2016q3/bin/../lib/gcc/arm-none-eabi/5.4.1/../../../../arm-none-eabi/lib/armv7e-m\libm.a(lib_a-sf_round.o)
                0x08001630                roundf
 .text          0x08001678      0x370 c:/program files (x86)/gnu_tools_arm_embedded/5.4_2016q3/bin/../lib/gcc/arm-none-eabi/5.4.1/armv7e-m\libgcc.a(_arm_addsubdf3.o)
                0x08001678                __aeabi_drsub
                0x08001680                __aeabi_dsub
                0x08001680                __subdf3
                0x08001684                __aeabi_dadd
                0x08001684                __adddf3
                0x080018fc                __floatunsidf
                0x080018fc                __aeabi_ui2d
                0x0800191c                __floatsidf
                0x0800191c                __aeabi_i2d
                0x08001940                __aeabi_f2d
                0x08001940                __extendsfdf2
                0x0800197c                __floatundidf
                0x0800197c                __aeabi_ul2d
                0x0800198c                __floatdidf
                0x0800198c                __aeabi_l2d
 .text          0x080019e8      0x424 c:/program files (x86)/gnu_tools_arm_embedded/5.4_2016q3/bin/../lib/gcc/arm-none-eabi/5.4.1/armv7e-m\libgcc.a(_arm_muldivdf3.o)
                0x080019e8                __aeabi_dmul
                0x080019e8                __muldf3
                0x08001c3c                __divdf3
                0x08001c3c                __aeabi_ddiv
 .text          0x08001e0c       0xa0 c:/program files (x86)/gnu_tools_arm_embedded/5.4_2016q3/bin/../lib/gcc/arm-none-eabi/5.4.1/armv7e-m\libgcc.a(_arm_truncdfsf2.o)
                0x08001e0c                __truncdfsf2
                0x08001e0c                __aeabi_d2f
 .text          0x08001eac      0x21c c:/program files (x86)/gnu_tools_arm_embedded/5.4_2016q3/bin/../lib/gcc/arm-none-eabi/5.4.1/armv7e-m\libgcc.a(_arm_addsubsf3.o)
                0x08001eac                __aeabi_frsub
                0x08001eb4                __subsf3
                0x08001eb4                __aeabi_fsub
                0x08001eb8                __aeabi_fadd
                0x08001eb8                __addsf3
                0x08002018                __aeabi_ui2f
                0x08002018                __floatunsisf
                0x08002020                __aeabi_i2f
                0x08002020                __floatsisf
                0x0800203c                __aeabi_ul2f
                0x0800203c                __floatundisf
                0x0800204c                __aeabi_l2f
                0x0800204c                __floatdisf
 .text          0x080020c8      0x2a0 c:/program files (x86)/gnu_tools_arm_embedded/5.4_2016q3/bin/../lib/gcc/arm-none-eabi/5.4.1/armv7e-m\libgcc.a(_arm_muldivsf3.o)
                0x080020c8                __mulsf3
                0x080020c8                __aeabi_fmul
                0x08002230                __aeabi_fdiv
                0x08002230                __divsf3
 .text          0x08002368       0x4c c:/program files (x86)/gnu_tools_arm_embedded/5.4_2016q3/bin/../lib/gcc/arm-none-eabi/5.4.1/armv7e-m\libgcc.a(_arm_fixsfsi.o)
                0x08002368                __aeabi_f2iz
                0x08002368                __fixsfsi
 .text.snprintf
                0x080023b4       0x9c c:/program files (x86)/gnu_tools_arm_embedded/5.4_2016q3/bin/../lib/gcc/arm-none-eabi/5.4.1/../../../../arm-none-eabi/lib/armv7e-m\libc.a(lib_a-snprintf.o)
                0x080023b4                snprintf
 .text._svfprintf_r
                0x08002450     0x16b0 c:/program files (x86)/gnu_tools_arm_embedded/5.4_2016q3/bin/../lib/gcc/arm-none-eabi/5.4.1/../../../../arm-none-eabi/lib/armv7e-m\libc.a(lib_a-svfprintf.o)
                0x08002450                _svfprintf_r
 .text.quorem   0x08003b00      0x128 c:/program files (x86)/gnu_tools_arm_embedded/5.4_2016q3/bin/../lib/gcc/arm-none-eabi/5.4.1/../../../../arm-none-eabi/lib/armv7e-m\libc.a(lib_a-dtoa.o)
 .text._dtoa_r  0x08003c28      0xe58 c:/program files (x86)/gnu_tools_arm_embedded/5.4_2016q3/bin/../lib/gcc/arm-none-eabi/5.4.1/../../../../arm-none-eabi/lib/armv7e-m\libc.a(lib_a-dtoa.o)
                0x08003c28                _dtoa_r
 .text._localeconv_r
                0x08004a80       0x1c c:/program files (x86)/gnu_tools_arm_embedded/5.4_2016q3/bin/../lib/gcc/arm-none-eabi/5.4.1/../../../../arm-none-eabi/lib/armv7e-m\libc.a(lib_a-localeconv.o)
                0x08004a80                _localeconv_r
 .text._malloc_r
                0x08004a9c      0x570 c:/program files (x86)/gnu_tools_arm_embedded/5.4_2016q3/bin/../lib/gcc/arm-none-eabi/5.4.1/../../../../arm-none-eabi/lib/armv7e-m\libc.a(lib_a-mallocr.o)
                0x08004a9c                _malloc_r
 *fill*         0x0800500c        0x4 
 .text          0x08005010       0xa0 c:/program files (x86)/gnu_tools_arm_embedded/5.4_2016q3/bin/../lib/gcc/arm-none-eabi/5.4.1/../../../../arm-none-eabi/lib/armv7e-m\libc.a(lib_a-memchr.o)
                0x08005010                memchr
 .text          0x080050b0      0x134 c:/program files (x86)/gnu_tools_arm_embedded/5.4_2016q3/bin/../lib/gcc/arm-none-eabi/5.4.1/../../../../arm-none-eabi/lib/armv7e-m\libc.a(lib_a-memcpy.o)
                0x080050b0                memcpy
 .text.__malloc_lock
                0x080051e4        0x4 c:/program files (x86)/gnu_tools_arm_embedded/5.4_2016q3/bin/../lib/gcc/arm-none-eabi/5.4.1/../../../../arm-none-eabi/lib/armv7e-m\libc.a(lib_a-mlock.o)
                0x080051e4                __malloc_lock
 .text.__malloc_unlock
                0x080051e8        0x4 c:/program files (x86)/gnu_tools_arm_embedded/5.4_2016q3/bin/../lib/gcc/arm-none-eabi/5.4.1/../../../../arm-none-eabi/lib/armv7e-m\libc.a(lib_a-mlock.o)
                0x080051e8                __malloc_unlock
 .text._Balloc  0x080051ec       0x4c c:/program files (x86)/gnu_tools_arm_embedded/5.4_2016q3/bin/../lib/gcc/arm-none-eabi/5.4.1/../../../../arm-none-eabi/lib/armv7e-m\libc.a(lib_a-mprec.o)
                0x080051ec                _Balloc
 .text._Bfree   0x08005238       0x14 c:/program files (x86)/gnu_tools_arm_embedded/5.4_2016q3/bin/../lib/gcc/arm-none-eabi/5.4.1/../../../../arm-none-eabi/lib/armv7e-m\libc.a(lib_a-mprec.o)
                0x08005238                _Bfree
 .text.__multadd
                0x0800524c       0x80 c:/program files (x86)/gnu_tools_arm_embedded/5.4_2016q3/bin/../lib/gcc/arm-none-eabi/5.4.1/../../../../arm-none-eabi/lib/armv7e-m\libc.a(lib_a-mprec.o)
                0x0800524c                __multadd
 .text.__hi0bits
                0x080052cc       0x40 c:/program files (x86)/gnu_tools_arm_embedded/5.4_2016q3/bin/../lib/gcc/arm-none-eabi/5.4.1/../../../../arm-none-eabi/lib/armv7e-m\libc.a(lib_a-mprec.o)
                0x080052cc                __hi0bits
 .text.__lo0bits
                0x0800530c       0x5c c:/program files (x86)/gnu_tools_arm_embedded/5.4_2016q3/bin/../lib/gcc/arm-none-eabi/5.4.1/../../../../arm-none-eabi/lib/armv7e-m\libc.a(lib_a-mprec.o)
                0x0800530c                __lo0bits
 .text.__i2b    0x08005368       0x14 c:/program files (x86)/gnu_tools_arm_embedded/5.4_2016q3/bin/../lib/gcc/arm-none-eabi/5.4.1/../../../../arm-none-eabi/lib/armv7e-m\libc.a(lib_a-mprec.o)
                0x08005368                __i2b
 .text.__multiply
                0x0800537c      0x130 c:/program files (x86)/gnu_tools_arm_embedded/5.4_2016q3/bin/../lib/gcc/arm-none-eabi/5.4.1/../../../../arm-none-eabi/lib/armv7e-m\libc.a(lib_a-mprec.o)
                0x0800537c                __multiply
 .text.__pow5mult
                0x080054ac       0xa0 c:/program files (x86)/gnu_tools_arm_embedded/5.4_2016q3/bin/../lib/gcc/arm-none-eabi/5.4.1/../../../../arm-none-eabi/lib/armv7e-m\libc.a(lib_a-mprec.o)
                0x080054ac                __pow5mult
 .text.__lshift
                0x0800554c       0xb0 c:/program files (x86)/gnu_tools_arm_embedded/5.4_2016q3/bin/../lib/gcc/arm-none-eabi/5.4.1/../../../../arm-none-eabi/lib/armv7e-m\libc.a(lib_a-mprec.o)
                0x0800554c                __lshift
 .text.__mcmp   0x080055fc       0x40 c:/program files (x86)/gnu_tools_arm_embedded/5.4_2016q3/bin/../lib/gcc/arm-none-eabi/5.4.1/../../../../arm-none-eabi/lib/armv7e-m\libc.a(lib_a-mprec.o)
                0x080055fc                __mcmp
 .text.__mdiff  0x0800563c      0x114 c:/program files (x86)/gnu_tools_arm_embedded/5.4_2016q3/bin/../lib/gcc/arm-none-eabi/5.4.1/../../../../arm-none-eabi/lib/armv7e-m\libc.a(lib_a-mprec.o)
                0x0800563c                __mdiff
 .text.__d2b    0x08005750       0xb8 c:/program files (x86)/gnu_tools_arm_embedded/5.4_2016q3/bin/../lib/gcc/arm-none-eabi/5.4.1/../../../../arm-none-eabi/lib/armv7e-m\libc.a(lib_a-mprec.o)
                0x08005750                __d2b
 .text._sbrk_r  0x08005808       0x24 c:/program files (x86)/gnu_tools_arm_embedded/5.4_2016q3/bin/../lib/gcc/arm-none-eabi/5.4.1/../../../../arm-none-eabi/lib/armv7e-m\libc.a(lib_a-sbrkr.o)
                0x08005808                _sbrk_r
 *fill*         0x0800582c       0x14 
 .text          0x08005840       0xdc c:/program files (x86)/gnu_tools_arm_embedded/5.4_2016q3/bin/../lib/gcc/arm-none-eabi/5.4.1/../../../../arm-none-eabi/lib/armv7e-m\libc.a(lib_a-strlen.o)
                0x08005840                strlen
 .text.__ssprint_r
                0x0800591c      0x100 c:/program files (x86)/gnu_tools_arm_embedded/5.4_2016q3/bin/../lib/gcc/arm-none-eabi/5.4.1/../../../../arm-none-eabi/lib/armv7e-m\libc.a(lib_a-svfiprintf.o)
                0x0800591c                __ssprint_r
 .text._calloc_r
                0x08005a1c       0x60 c:/program files (x86)/gnu_tools_arm_embedded/5.4_2016q3/bin/../lib/gcc/arm-none-eabi/5.4.1/../../../../arm-none-eabi/lib/armv7e-m\libc.a(lib_a-callocr.o)
                0x08005a1c                _calloc_r
 .text._malloc_trim_r
                0x08005a7c       0x9c c:/program files (x86)/gnu_tools_arm_embedded/5.4_2016q3/bin/../lib/gcc/arm-none-eabi/5.4.1/../../../../arm-none-eabi/lib/armv7e-m\libc.a(lib_a-freer.o)
                0x08005a7c                _malloc_trim_r
 .text._free_r  0x08005b18      0x1d0 c:/program files (x86)/gnu_tools_arm_embedded/5.4_2016q3/bin/../lib/gcc/arm-none-eabi/5.4.1/../../../../arm-none-eabi/lib/armv7e-m\libc.a(lib_a-freer.o)
                0x08005b18                _free_r
 .text.__ascii_mbtowc
                0x08005ce8       0x2c c:/program files (x86)/gnu_tools_arm_embedded/5.4_2016q3/bin/../lib/gcc/arm-none-eabi/5.4.1/../../../../arm-none-eabi/lib/armv7e-m\libc.a(lib_a-mbtowc_r.o)
                0x08005ce8                __ascii_mbtowc
 .text.memmove  0x08005d14       0xc8 c:/program files (x86)/gnu_tools_arm_embedded/5.4_2016q3/bin/../lib/gcc/arm-none-eabi/5.4.1/../../../../arm-none-eabi/lib/armv7e-m\libc.a(lib_a-memmove.o)
                0x08005d14                memmove
 .text.memset   0x08005ddc       0x9c c:/program files (x86)/gnu_tools_arm_embedded/5.4_2016q3/bin/../lib/gcc/arm-none-eabi/5.4.1/../../../../arm-none-eabi/lib/armv7e-m\libc.a(lib_a-memset.o)
                0x08005ddc                memset
 .text._realloc_r
                0x08005e78      0x3e0 c:/program files (x86)/gnu_tools_arm_embedded/5.4_2016q3/bin/../lib/gcc/arm-none-eabi/5.4.1/../../../../arm-none-eabi/lib/armv7e-m\libc.a(lib_a-reallocr.o)
                0x08005e78                _realloc_r
 .text.__ascii_wctomb
                0x08006258       0x1c c:/program files (x86)/gnu_tools_arm_embedded/5.4_2016q3/bin/../lib/gcc/arm-none-eabi/5.4.1/../../../../arm-none-eabi/lib/armv7e-m\libc.a(lib_a-wctomb_r.o)
                0x08006258                __ascii_wctomb
 .text          0x08006274      0x110 c:/program files (x86)/gnu_tools_arm_embedded/5.4_2016q3/bin/../lib/gcc/arm-none-eabi/5.4.1/armv7e-m\libgcc.a(_arm_cmpdf2.o)
                0x08006274                __gtdf2
                0x08006274                __gedf2
                0x0800627c                __ltdf2
                0x0800627c                __ledf2
                0x08006284                __nedf2
                0x08006284                __eqdf2
                0x08006284                __cmpdf2
                0x08006300                __aeabi_cdrcmple
                0x08006310                __aeabi_cdcmpeq
                0x08006310                __aeabi_cdcmple
                0x08006320                __aeabi_dcmpeq
                0x08006334                __aeabi_dcmplt
                0x08006348                __aeabi_dcmple
                0x0800635c                __aeabi_dcmpge
                0x08006370                __aeabi_dcmpgt
 .text          0x08006384       0x2c c:/program files (x86)/gnu_tools_arm_embedded/5.4_2016q3/bin/../lib/gcc/arm-none-eabi/5.4.1/armv7e-m\libgcc.a(_arm_unorddf2.o)
                0x08006384                __unorddf2
                0x08006384                __aeabi_dcmpun
 .text          0x080063b0       0x50 c:/program files (x86)/gnu_tools_arm_embedded/5.4_2016q3/bin/../lib/gcc/arm-none-eabi/5.4.1/armv7e-m\libgcc.a(_arm_fixdfsi.o)
                0x080063b0                __aeabi_d2iz
                0x080063b0                __fixdfsi
 .text          0x08006400       0x30 c:/program files (x86)/gnu_tools_arm_embedded/5.4_2016q3/bin/../lib/gcc/arm-none-eabi/5.4.1/armv7e-m\libgcc.a(_aeabi_uldivmod.o)
                0x08006400                __aeabi_uldivmod
 .text          0x08006430      0x2e4 c:/program files (x86)/gnu_tools_arm_embedded/5.4_2016q3/bin/../lib/gcc/arm-none-eabi/5.4.1/armv7e-m\libgcc.a(_udivmoddi4.o)
                0x08006430                __udivmoddi4
 .text          0x08006714        0x4 c:/program files (x86)/gnu_tools_arm_embedded/5.4_2016q3/bin/../lib/gcc/arm-none-eabi/5.4.1/armv7e-m\libgcc.a(_dvmd_tls.o)
                0x08006714                __aeabi_idiv0
                0x08006714                __aeabi_ldiv0
 *(.init)
 *(.fini)
 *crtbegin.o(.ctors)
 *crtbegin?.o(.ctors)
 *(EXCLUDE_FILE(*crtend.o *crtend?.o) .ctors)
 *(SORT(.ctors.*))
 *(.ctors)
 *crtbegin.o(.dtors)
 *crtbegin?.o(.dtors)
 *(EXCLUDE_FILE(*crtend.o *crtend?.o) .dtors)
 *(SORT(.dtors.*))
 *(.dtors)
 *(.rodata*)
 .rodata        0x08006718     0x1b9e ..\obj\helperFunctionsLib.o
                0x08006718                BAL_menu
                0x08006910                breathAlyzerLogo
                0x08006b08                startBlowing
                0x08006d00                hoursToDriveImg
                0x08006ef8                preheatingTable
 *fill*         0x080082b6        0x2 
 .rodata.zeroes.7256
                0x080082b8       0x10 c:/program files (x86)/gnu_tools_arm_embedded/5.4_2016q3/bin/../lib/gcc/arm-none-eabi/5.4.1/../../../../arm-none-eabi/lib/armv7e-m\libc.a(lib_a-svfprintf.o)
 .rodata.str1.4
                0x080082c8       0x42 c:/program files (x86)/gnu_tools_arm_embedded/5.4_2016q3/bin/../lib/gcc/arm-none-eabi/5.4.1/../../../../arm-none-eabi/lib/armv7e-m\libc.a(lib_a-svfprintf.o)
 *fill*         0x0800830a        0x2 
 .rodata.blanks.7255
                0x0800830c       0x10 c:/program files (x86)/gnu_tools_arm_embedded/5.4_2016q3/bin/../lib/gcc/arm-none-eabi/5.4.1/../../../../arm-none-eabi/lib/armv7e-m\libc.a(lib_a-svfprintf.o)
 .rodata.str1.4
                0x0800831c       0x10 c:/program files (x86)/gnu_tools_arm_embedded/5.4_2016q3/bin/../lib/gcc/arm-none-eabi/5.4.1/../../../../arm-none-eabi/lib/armv7e-m\libc.a(lib_a-dtoa.o)
                                 0x12 (size before relaxing)
 *fill*         0x0800832c        0x4 
 .rodata.__mprec_tens
                0x08008330       0xc8 c:/program files (x86)/gnu_tools_arm_embedded/5.4_2016q3/bin/../lib/gcc/arm-none-eabi/5.4.1/../../../../arm-none-eabi/lib/armv7e-m\libc.a(lib_a-mprec.o)
                0x08008330                __mprec_tens
 .rodata.p05.6085
                0x080083f8        0xc c:/program files (x86)/gnu_tools_arm_embedded/5.4_2016q3/bin/../lib/gcc/arm-none-eabi/5.4.1/../../../../arm-none-eabi/lib/armv7e-m\libc.a(lib_a-mprec.o)
 *fill*         0x08008404        0x4 
 .rodata.__mprec_bigtens
                0x08008408       0x28 c:/program files (x86)/gnu_tools_arm_embedded/5.4_2016q3/bin/../lib/gcc/arm-none-eabi/5.4.1/../../../../arm-none-eabi/lib/armv7e-m\libc.a(lib_a-mprec.o)
                0x08008408                __mprec_bigtens
 .rodata.str1.4
                0x08008430       0x10 c:/program files (x86)/gnu_tools_arm_embedded/5.4_2016q3/bin/../lib/gcc/arm-none-eabi/5.4.1/../../../../arm-none-eabi/lib/armv7e-m\libc.a(lib_a-locale.o)
                                 0x12 (size before relaxing)
 .rodata._ctype_
                0x08008440      0x101 c:/program files (x86)/gnu_tools_arm_embedded/5.4_2016q3/bin/../lib/gcc/arm-none-eabi/5.4.1/../../../../arm-none-eabi/lib/armv7e-m\libc.a(lib_a-ctype_.o)
                0x08008440                _ctype_
 *(.eh_fram e*)

.glue_7         0x08008544        0x0
 .glue_7        0x08008544        0x0 linker stubs

.glue_7t        0x08008544        0x0
 .glue_7t       0x08008544        0x0 linker stubs

.vfp11_veneer   0x08008544        0x0
 .vfp11_veneer  0x08008544        0x0 linker stubs

.v4_bx          0x08008544        0x0
 .v4_bx         0x08008544        0x0 linker stubs

.iplt           0x08008544        0x0
 .iplt          0x08008544        0x0 ..\obj\startup_stm32f4xx.o

.ARM.extab
 *(.ARM.extab* .gnu.linkonce.armextab.*)
                0x08008544                __exidx_start = .

.ARM.exidx      0x08008544        0x8
 *(.ARM.exidx* .gnu.linkonce.armexidx.*)
 .ARM.exidx     0x08008544        0x8 c:/program files (x86)/gnu_tools_arm_embedded/5.4_2016q3/bin/../lib/gcc/arm-none-eabi/5.4.1/armv7e-m\libgcc.a(_udivmoddi4.o)
                0x0800854c                __exidx_end = .
                0x0800854c                __etext = .
                0x0800854c                _sidata = __etext

.rel.dyn        0x0800854c        0x0
 .rel.iplt      0x0800854c        0x0 ..\obj\startup_stm32f4xx.o

.data           0x20000000      0xbd0 load address 0x0800854c
                0x20000000                __data_start__ = .
                0x20000000                _sdata = __data_start__
 *(vtable)
 *(.data*)
 .data          0x20000000      0x228 ..\obj\lcd_5110.o
                0x20000000                font6_8
 .data.impure_data
                0x20000228      0x428 c:/program files (x86)/gnu_tools_arm_embedded/5.4_2016q3/bin/../lib/gcc/arm-none-eabi/5.4.1/../../../../arm-none-eabi/lib/armv7e-m\libc.a(lib_a-impure.o)
 .data._impure_ptr
                0x20000650        0x4 c:/program files (x86)/gnu_tools_arm_embedded/5.4_2016q3/bin/../lib/gcc/arm-none-eabi/5.4.1/../../../../arm-none-eabi/lib/armv7e-m\libc.a(lib_a-impure.o)
                0x20000650                _impure_ptr
 .data.__malloc_av_
                0x20000654      0x408 c:/program files (x86)/gnu_tools_arm_embedded/5.4_2016q3/bin/../lib/gcc/arm-none-eabi/5.4.1/../../../../arm-none-eabi/lib/armv7e-m\libc.a(lib_a-mallocr.o)
                0x20000654                __malloc_av_
 .data.__malloc_trim_threshold
                0x20000a5c        0x4 c:/program files (x86)/gnu_tools_arm_embedded/5.4_2016q3/bin/../lib/gcc/arm-none-eabi/5.4.1/../../../../arm-none-eabi/lib/armv7e-m\libc.a(lib_a-mallocr.o)
                0x20000a5c                __malloc_trim_threshold
 .data.__malloc_sbrk_base
                0x20000a60        0x4 c:/program files (x86)/gnu_tools_arm_embedded/5.4_2016q3/bin/../lib/gcc/arm-none-eabi/5.4.1/../../../../arm-none-eabi/lib/armv7e-m\libc.a(lib_a-mallocr.o)
                0x20000a60                __malloc_sbrk_base
 .data.__global_locale
                0x20000a64      0x16c c:/program files (x86)/gnu_tools_arm_embedded/5.4_2016q3/bin/../lib/gcc/arm-none-eabi/5.4.1/../../../../arm-none-eabi/lib/armv7e-m\libc.a(lib_a-locale.o)
                0x20000a64                __global_locale
                0x20000bd0                . = ALIGN (0x4)
                [!provide]                PROVIDE (__preinit_array_start, .)
 *(.preinit_array)
                [!provide]                PROVIDE (__preinit_array_end, .)
                0x20000bd0                . = ALIGN (0x4)
                [!provide]                PROVIDE (__init_array_start, .)
 *(SORT(.init_array.*))
 *(.init_array)
                [!provide]                PROVIDE (__init_array_end, .)
                0x20000bd0                . = ALIGN (0x4)
                [!provide]                PROVIDE (__fini_array_start, .)
 *(SORT(.fini_array.*))
 *(.fini_array)
                [!provide]                PROVIDE (__fini_array_end, .)
 *(.jcr*)
                0x20000bd0                . = ALIGN (0x4)
                0x20000bd0                __data_end__ = .
                0x20000bd0                _edata = __data_end__

.igot.plt       0x20000bd0        0x0 load address 0x0800911c
 .igot.plt      0x20000bd0        0x0 ..\obj\startup_stm32f4xx.o

.bss            0x20000bd0       0x40 load address 0x0800911c
                0x20000bd0                . = ALIGN (0x4)
                0x20000bd0                __bss_start__ = .
                0x20000bd0                _sbss = __bss_start__
 *(.bss*)
 .bss           0x20000bd0        0x4 ..\obj\main.o
                0x20000bd0                alcocholLevelPerMil
 .bss           0x20000bd4        0x4 ..\obj\syscalls.o
 .bss.__malloc_max_total_mem
                0x20000bd8        0x4 c:/program files (x86)/gnu_tools_arm_embedded/5.4_2016q3/bin/../lib/gcc/arm-none-eabi/5.4.1/../../../../arm-none-eabi/lib/armv7e-m\libc.a(lib_a-mallocr.o)
                0x20000bd8                __malloc_max_total_mem
 .bss.__malloc_max_sbrked_mem
                0x20000bdc        0x4 c:/program files (x86)/gnu_tools_arm_embedded/5.4_2016q3/bin/../lib/gcc/arm-none-eabi/5.4.1/../../../../arm-none-eabi/lib/armv7e-m\libc.a(lib_a-mallocr.o)
                0x20000bdc                __malloc_max_sbrked_mem
 .bss.__malloc_top_pad
                0x20000be0        0x4 c:/program files (x86)/gnu_tools_arm_embedded/5.4_2016q3/bin/../lib/gcc/arm-none-eabi/5.4.1/../../../../arm-none-eabi/lib/armv7e-m\libc.a(lib_a-mallocr.o)
                0x20000be0                __malloc_top_pad
 .bss.__malloc_current_mallinfo
                0x20000be4       0x28 c:/program files (x86)/gnu_tools_arm_embedded/5.4_2016q3/bin/../lib/gcc/arm-none-eabi/5.4.1/../../../../arm-none-eabi/lib/armv7e-m\libc.a(lib_a-mallocr.o)
                0x20000be4                __malloc_current_mallinfo
 *(COMMON)
 COMMON         0x20000c0c        0x4 c:/program files (x86)/gnu_tools_arm_embedded/5.4_2016q3/bin/../lib/gcc/arm-none-eabi/5.4.1/../../../../arm-none-eabi/lib/armv7e-m\libc.a(lib_a-reent.o)
                0x20000c0c                errno
                0x20000c10                . = ALIGN (0x4)
                0x20000c10                __bss_end__ = .
                0x20000c10                _ebss = __bss_end__

.heap           0x20000c10        0x0
                0x20000c10                __end__ = .
                0x20000c10                _end = __end__
                0x20000c10                end = __end__
 *(.heap*)
                0x20000c10                __HeapLimit = .

.co_stack       0x20000c10      0x800 load address 0x0800915c
                0x20000c10                . = ALIGN (0x8)
 *(.co_stack .co_stack.*)
 .co_stack      0x20000c10      0x800 ..\obj\startup_stm32f4xx.o
                0x20000c10                pulStack
                0x20020000                __StackTop = (ORIGIN (ram) + LENGTH (ram))
                0x2001f800                __StackLimit = (__StackTop - SIZEOF (.co_stack))
                [!provide]                PROVIDE (__stack, __StackTop)
                0x00000001                ASSERT ((__StackLimit >= __HeapLimit), region ram  overflowed with stack)
LOAD ..\obj\startup_stm32f4xx.o
LOAD ..\obj\main.o
LOAD ..\obj\stm32f4xx_rcc.o
LOAD ..\obj\stm32f4xx_adc.o
LOAD ..\obj\helperFunctionsLib.o
LOAD ..\obj\stm32f4xx_gpio.o
LOAD ..\obj\system_stm32f4xx.o
LOAD ..\obj\syscalls.o
LOAD ..\obj\lcd_5110.o
LOAD ..\obj\stm32f4xx_spi.o
LOAD ..\obj\stm32f4xx_tim.o
LOAD c:/program files (x86)/gnu_tools_arm_embedded/5.4_2016q3/bin/../lib/gcc/arm-none-eabi/5.4.1/../../../../arm-none-eabi/lib/armv7e-m\libm.a
LOAD c:/program files (x86)/gnu_tools_arm_embedded/5.4_2016q3/bin/../lib/gcc/arm-none-eabi/5.4.1/armv7e-m\libgcc.a
LOAD c:/program files (x86)/gnu_tools_arm_embedded/5.4_2016q3/bin/../lib/gcc/arm-none-eabi/5.4.1/../../../../arm-none-eabi/lib/armv7e-m\libc.a
START GROUP
LOAD c:/program files (x86)/gnu_tools_arm_embedded/5.4_2016q3/bin/../lib/gcc/arm-none-eabi/5.4.1/armv7e-m\libgcc.a
LOAD c:/program files (x86)/gnu_tools_arm_embedded/5.4_2016q3/bin/../lib/gcc/arm-none-eabi/5.4.1/../../../../arm-none-eabi/lib/armv7e-m\libg.a
LOAD c:/program files (x86)/gnu_tools_arm_embedded/5.4_2016q3/bin/../lib/gcc/arm-none-eabi/5.4.1/../../../../arm-none-eabi/lib/armv7e-m\libc.a
END GROUP
OUTPUT(smart_alcometer.elf elf32-littlearm)

.debug_info     0x00000000     0x6d1c
 .debug_info    0x00000000       0xf2 ..\obj\startup_stm32f4xx.o
 .debug_info    0x000000f2      0x54a ..\obj\main.o
 .debug_info    0x0000063c      0xc63 ..\obj\stm32f4xx_rcc.o
 .debug_info    0x0000129f      0xc40 ..\obj\stm32f4xx_adc.o
 .debug_info    0x00001edf      0xe98 ..\obj\helperFunctionsLib.o
 .debug_info    0x00002d77      0x61a ..\obj\stm32f4xx_gpio.o
 .debug_info    0x00003391      0x5c5 ..\obj\system_stm32f4xx.o
 .debug_info    0x00003956      0x458 ..\obj\syscalls.o
 .debug_info    0x00003dae      0x7f6 ..\obj\lcd_5110.o
 .debug_info    0x000045a4      0xb0f ..\obj\stm32f4xx_spi.o
 .debug_info    0x000050b3     0x1c69 ..\obj\stm32f4xx_tim.o

.debug_abbrev   0x00000000     0x1000
 .debug_abbrev  0x00000000       0xb0 ..\obj\startup_stm32f4xx.o
 .debug_abbrev  0x000000b0      0x131 ..\obj\main.o
 .debug_abbrev  0x000001e1      0x1e5 ..\obj\stm32f4xx_rcc.o
 .debug_abbrev  0x000003c6      0x198 ..\obj\stm32f4xx_adc.o
 .debug_abbrev  0x0000055e      0x20a ..\obj\helperFunctionsLib.o
 .debug_abbrev  0x00000768      0x1a7 ..\obj\stm32f4xx_gpio.o
 .debug_abbrev  0x0000090f      0x138 ..\obj\system_stm32f4xx.o
 .debug_abbrev  0x00000a47       0xe5 ..\obj\syscalls.o
 .debug_abbrev  0x00000b2c      0x1e2 ..\obj\lcd_5110.o
 .debug_abbrev  0x00000d0e      0x169 ..\obj\stm32f4xx_spi.o
 .debug_abbrev  0x00000e77      0x189 ..\obj\stm32f4xx_tim.o

.debug_aranges  0x00000000      0x920
 .debug_aranges
                0x00000000       0x28 ..\obj\startup_stm32f4xx.o
 .debug_aranges
                0x00000028       0x20 ..\obj\main.o
 .debug_aranges
                0x00000048      0x178 ..\obj\stm32f4xx_rcc.o
 .debug_aranges
                0x000001c0      0x148 ..\obj\stm32f4xx_adc.o
 .debug_aranges
                0x00000308       0x78 ..\obj\helperFunctionsLib.o
 .debug_aranges
                0x00000380       0x88 ..\obj\stm32f4xx_gpio.o
 .debug_aranges
                0x00000408       0x30 ..\obj\system_stm32f4xx.o
 .debug_aranges
                0x00000438       0x60 ..\obj\syscalls.o
 .debug_aranges
                0x00000498       0xb0 ..\obj\lcd_5110.o
 .debug_aranges
                0x00000548       0xe0 ..\obj\stm32f4xx_spi.o
 .debug_aranges
                0x00000628      0x2f8 ..\obj\stm32f4xx_tim.o

.debug_ranges   0x00000000      0x870
 .debug_ranges  0x00000000       0x18 ..\obj\startup_stm32f4xx.o
 .debug_ranges  0x00000018       0x10 ..\obj\main.o
 .debug_ranges  0x00000028      0x168 ..\obj\stm32f4xx_rcc.o
 .debug_ranges  0x00000190      0x138 ..\obj\stm32f4xx_adc.o
 .debug_ranges  0x000002c8       0x68 ..\obj\helperFunctionsLib.o
 .debug_ranges  0x00000330       0x78 ..\obj\stm32f4xx_gpio.o
 .debug_ranges  0x000003a8       0x20 ..\obj\system_stm32f4xx.o
 .debug_ranges  0x000003c8       0x50 ..\obj\syscalls.o
 .debug_ranges  0x00000418       0xa0 ..\obj\lcd_5110.o
 .debug_ranges  0x000004b8       0xd0 ..\obj\stm32f4xx_spi.o
 .debug_ranges  0x00000588      0x2e8 ..\obj\stm32f4xx_tim.o

.debug_line     0x00000000     0x2f05
 .debug_line    0x00000000       0xa3 ..\obj\startup_stm32f4xx.o
 .debug_line    0x000000a3      0x22e ..\obj\main.o
 .debug_line    0x000002d1      0x5cd ..\obj\stm32f4xx_rcc.o
 .debug_line    0x0000089e      0x585 ..\obj\stm32f4xx_adc.o
 .debug_line    0x00000e23      0x5b3 ..\obj\helperFunctionsLib.o
 .debug_line    0x000013d6      0x388 ..\obj\stm32f4xx_gpio.o
 .debug_line    0x0000175e      0x206 ..\obj\system_stm32f4xx.o
 .debug_line    0x00001964      0x1f3 ..\obj\syscalls.o
 .debug_line    0x00001b57      0x444 ..\obj\lcd_5110.o
 .debug_line    0x00001f9b      0x481 ..\obj\stm32f4xx_spi.o
 .debug_line    0x0000241c      0xae9 ..\obj\stm32f4xx_tim.o

.debug_str      0x00000000     0x2815
 .debug_str     0x00000000      0x137 ..\obj\startup_stm32f4xx.o
                                0x149 (size before relaxing)
 .debug_str     0x00000137      0x3bf ..\obj\main.o
                                0x4ac (size before relaxing)
 .debug_str     0x000004f6      0x66b ..\obj\stm32f4xx_rcc.o
                                0x852 (size before relaxing)
 .debug_str     0x00000b61      0x643 ..\obj\stm32f4xx_adc.o
                                0x806 (size before relaxing)
 .debug_str     0x000011a4      0x299 ..\obj\helperFunctionsLib.o
                                0x6a5 (size before relaxing)
 .debug_str     0x0000143d      0x1a5 ..\obj\stm32f4xx_gpio.o
                                0x4a5 (size before relaxing)
 .debug_str     0x000015e2      0x11a ..\obj\system_stm32f4xx.o
                                0x3ac (size before relaxing)
 .debug_str     0x000016fc      0x183 ..\obj\syscalls.o
                                0x342 (size before relaxing)
 .debug_str     0x0000187f      0x216 ..\obj\lcd_5110.o
                                0x5c9 (size before relaxing)
 .debug_str     0x00001a95      0x2f8 ..\obj\stm32f4xx_spi.o
                                0x68c (size before relaxing)
 .debug_str     0x00001d8d      0xa88 ..\obj\stm32f4xx_tim.o
                                0xdd2 (size before relaxing)

.comment        0x00000000       0x6e
 .comment       0x00000000       0x6e ..\obj\startup_stm32f4xx.o
                                 0x6f (size before relaxing)
 .comment       0x0000006e       0x6f ..\obj\main.o
 .comment       0x0000006e       0x6f ..\obj\stm32f4xx_rcc.o
 .comment       0x0000006e       0x6f ..\obj\stm32f4xx_adc.o
 .comment       0x0000006e       0x6f ..\obj\helperFunctionsLib.o
 .comment       0x0000006e       0x6f ..\obj\stm32f4xx_gpio.o
 .comment       0x0000006e       0x6f ..\obj\system_stm32f4xx.o
 .comment       0x0000006e       0x6f ..\obj\syscalls.o
 .comment       0x0000006e       0x6f ..\obj\lcd_5110.o
 .comment       0x0000006e       0x6f ..\obj\stm32f4xx_spi.o
 .comment       0x0000006e       0x6f ..\obj\stm32f4xx_tim.o

.ARM.attributes
                0x00000000       0x31
 .ARM.attributes
                0x00000000       0x33 ..\obj\startup_stm32f4xx.o
 .ARM.attributes
                0x00000033       0x33 ..\obj\main.o
 .ARM.attributes
                0x00000066       0x33 ..\obj\stm32f4xx_rcc.o
 .ARM.attributes
                0x00000099       0x33 ..\obj\stm32f4xx_adc.o
 .ARM.attributes
                0x000000cc       0x33 ..\obj\helperFunctionsLib.o
 .ARM.attributes
                0x000000ff       0x33 ..\obj\stm32f4xx_gpio.o
 .ARM.attributes
                0x00000132       0x33 ..\obj\system_stm32f4xx.o
 .ARM.attributes
                0x00000165       0x33 ..\obj\syscalls.o
 .ARM.attributes
                0x00000198       0x33 ..\obj\lcd_5110.o
 .ARM.attributes
                0x000001cb       0x33 ..\obj\stm32f4xx_spi.o
 .ARM.attributes
                0x000001fe       0x33 ..\obj\stm32f4xx_tim.o
 .ARM.attributes
                0x00000231       0x2e c:/program files (x86)/gnu_tools_arm_embedded/5.4_2016q3/bin/../lib/gcc/arm-none-eabi/5.4.1/../../../../arm-none-eabi/lib/armv7e-m\libm.a(lib_a-sf_round.o)
 .ARM.attributes
                0x0000025f       0x1e c:/program files (x86)/gnu_tools_arm_embedded/5.4_2016q3/bin/../lib/gcc/arm-none-eabi/5.4.1/armv7e-m\libgcc.a(_arm_addsubdf3.o)
 .ARM.attributes
                0x0000027d       0x1e c:/program files (x86)/gnu_tools_arm_embedded/5.4_2016q3/bin/../lib/gcc/arm-none-eabi/5.4.1/armv7e-m\libgcc.a(_arm_muldivdf3.o)
 .ARM.attributes
                0x0000029b       0x1e c:/program files (x86)/gnu_tools_arm_embedded/5.4_2016q3/bin/../lib/gcc/arm-none-eabi/5.4.1/armv7e-m\libgcc.a(_arm_truncdfsf2.o)
 .ARM.attributes
                0x000002b9       0x1e c:/program files (x86)/gnu_tools_arm_embedded/5.4_2016q3/bin/../lib/gcc/arm-none-eabi/5.4.1/armv7e-m\libgcc.a(_arm_addsubsf3.o)
 .ARM.attributes
                0x000002d7       0x1e c:/program files (x86)/gnu_tools_arm_embedded/5.4_2016q3/bin/../lib/gcc/arm-none-eabi/5.4.1/armv7e-m\libgcc.a(_arm_muldivsf3.o)
 .ARM.attributes
                0x000002f5       0x1e c:/program files (x86)/gnu_tools_arm_embedded/5.4_2016q3/bin/../lib/gcc/arm-none-eabi/5.4.1/armv7e-m\libgcc.a(_arm_fixsfsi.o)
 .ARM.attributes
                0x00000313       0x2e c:/program files (x86)/gnu_tools_arm_embedded/5.4_2016q3/bin/../lib/gcc/arm-none-eabi/5.4.1/../../../../arm-none-eabi/lib/armv7e-m\libc.a(lib_a-snprintf.o)
 .ARM.attributes
                0x00000341       0x2e c:/program files (x86)/gnu_tools_arm_embedded/5.4_2016q3/bin/../lib/gcc/arm-none-eabi/5.4.1/../../../../arm-none-eabi/lib/armv7e-m\libc.a(lib_a-svfprintf.o)
 .ARM.attributes
                0x0000036f       0x2e c:/program files (x86)/gnu_tools_arm_embedded/5.4_2016q3/bin/../lib/gcc/arm-none-eabi/5.4.1/../../../../arm-none-eabi/lib/armv7e-m\libc.a(lib_a-dtoa.o)
 .ARM.attributes
                0x0000039d       0x2e c:/program files (x86)/gnu_tools_arm_embedded/5.4_2016q3/bin/../lib/gcc/arm-none-eabi/5.4.1/../../../../arm-none-eabi/lib/armv7e-m\libc.a(lib_a-impure.o)
 .ARM.attributes
                0x000003cb       0x2e c:/program files (x86)/gnu_tools_arm_embedded/5.4_2016q3/bin/../lib/gcc/arm-none-eabi/5.4.1/../../../../arm-none-eabi/lib/armv7e-m\libc.a(lib_a-localeconv.o)
 .ARM.attributes
                0x000003f9       0x2e c:/program files (x86)/gnu_tools_arm_embedded/5.4_2016q3/bin/../lib/gcc/arm-none-eabi/5.4.1/../../../../arm-none-eabi/lib/armv7e-m\libc.a(lib_a-mallocr.o)
 .ARM.attributes
                0x00000427       0x1c c:/program files (x86)/gnu_tools_arm_embedded/5.4_2016q3/bin/../lib/gcc/arm-none-eabi/5.4.1/../../../../arm-none-eabi/lib/armv7e-m\libc.a(lib_a-memchr.o)
 .ARM.attributes
                0x00000443       0x1c c:/program files (x86)/gnu_tools_arm_embedded/5.4_2016q3/bin/../lib/gcc/arm-none-eabi/5.4.1/../../../../arm-none-eabi/lib/armv7e-m\libc.a(lib_a-memcpy.o)
 .ARM.attributes
                0x0000045f       0x2e c:/program files (x86)/gnu_tools_arm_embedded/5.4_2016q3/bin/../lib/gcc/arm-none-eabi/5.4.1/../../../../arm-none-eabi/lib/armv7e-m\libc.a(lib_a-mlock.o)
 .ARM.attributes
                0x0000048d       0x2e c:/program files (x86)/gnu_tools_arm_embedded/5.4_2016q3/bin/../lib/gcc/arm-none-eabi/5.4.1/../../../../arm-none-eabi/lib/armv7e-m\libc.a(lib_a-mprec.o)
 .ARM.attributes
                0x000004bb       0x2e c:/program files (x86)/gnu_tools_arm_embedded/5.4_2016q3/bin/../lib/gcc/arm-none-eabi/5.4.1/../../../../arm-none-eabi/lib/armv7e-m\libc.a(lib_a-sbrkr.o)
 .ARM.attributes
                0x000004e9       0x1c c:/program files (x86)/gnu_tools_arm_embedded/5.4_2016q3/bin/../lib/gcc/arm-none-eabi/5.4.1/../../../../arm-none-eabi/lib/armv7e-m\libc.a(lib_a-strlen.o)
 .ARM.attributes
                0x00000505       0x2e c:/program files (x86)/gnu_tools_arm_embedded/5.4_2016q3/bin/../lib/gcc/arm-none-eabi/5.4.1/../../../../arm-none-eabi/lib/armv7e-m\libc.a(lib_a-svfiprintf.o)
 .ARM.attributes
                0x00000533       0x2e c:/program files (x86)/gnu_tools_arm_embedded/5.4_2016q3/bin/../lib/gcc/arm-none-eabi/5.4.1/../../../../arm-none-eabi/lib/armv7e-m\libc.a(lib_a-callocr.o)
 .ARM.attributes
                0x00000561       0x2e c:/program files (x86)/gnu_tools_arm_embedded/5.4_2016q3/bin/../lib/gcc/arm-none-eabi/5.4.1/../../../../arm-none-eabi/lib/armv7e-m\libc.a(lib_a-freer.o)
 .ARM.attributes
                0x0000058f       0x2e c:/program files (x86)/gnu_tools_arm_embedded/5.4_2016q3/bin/../lib/gcc/arm-none-eabi/5.4.1/../../../../arm-none-eabi/lib/armv7e-m\libc.a(lib_a-locale.o)
 .ARM.attributes
                0x000005bd       0x2e c:/program files (x86)/gnu_tools_arm_embedded/5.4_2016q3/bin/../lib/gcc/arm-none-eabi/5.4.1/../../../../arm-none-eabi/lib/armv7e-m\libc.a(lib_a-mbtowc_r.o)
 .ARM.attributes
                0x000005eb       0x2e c:/program files (x86)/gnu_tools_arm_embedded/5.4_2016q3/bin/../lib/gcc/arm-none-eabi/5.4.1/../../../../arm-none-eabi/lib/armv7e-m\libc.a(lib_a-memmove.o)
 .ARM.attributes
                0x00000619       0x2e c:/program files (x86)/gnu_tools_arm_embedded/5.4_2016q3/bin/../lib/gcc/arm-none-eabi/5.4.1/../../../../arm-none-eabi/lib/armv7e-m\libc.a(lib_a-memset.o)
 .ARM.attributes
                0x00000647       0x2e c:/program files (x86)/gnu_tools_arm_embedded/5.4_2016q3/bin/../lib/gcc/arm-none-eabi/5.4.1/../../../../arm-none-eabi/lib/armv7e-m\libc.a(lib_a-reallocr.o)
 .ARM.attributes
                0x00000675       0x2e c:/program files (x86)/gnu_tools_arm_embedded/5.4_2016q3/bin/../lib/gcc/arm-none-eabi/5.4.1/../../../../arm-none-eabi/lib/armv7e-m\libc.a(lib_a-reent.o)
 .ARM.attributes
                0x000006a3       0x2e c:/program files (x86)/gnu_tools_arm_embedded/5.4_2016q3/bin/../lib/gcc/arm-none-eabi/5.4.1/../../../../arm-none-eabi/lib/armv7e-m\libc.a(lib_a-wctomb_r.o)
 .ARM.attributes
                0x000006d1       0x2e c:/program files (x86)/gnu_tools_arm_embedded/5.4_2016q3/bin/../lib/gcc/arm-none-eabi/5.4.1/../../../../arm-none-eabi/lib/armv7e-m\libc.a(lib_a-ctype_.o)
 .ARM.attributes
                0x000006ff       0x1e c:/program files (x86)/gnu_tools_arm_embedded/5.4_2016q3/bin/../lib/gcc/arm-none-eabi/5.4.1/armv7e-m\libgcc.a(_arm_cmpdf2.o)
 .ARM.attributes
                0x0000071d       0x1e c:/program files (x86)/gnu_tools_arm_embedded/5.4_2016q3/bin/../lib/gcc/arm-none-eabi/5.4.1/armv7e-m\libgcc.a(_arm_unorddf2.o)
 .ARM.attributes
                0x0000073b       0x1e c:/program files (x86)/gnu_tools_arm_embedded/5.4_2016q3/bin/../lib/gcc/arm-none-eabi/5.4.1/armv7e-m\libgcc.a(_arm_fixdfsi.o)
 .ARM.attributes
                0x00000759       0x1e c:/program files (x86)/gnu_tools_arm_embedded/5.4_2016q3/bin/../lib/gcc/arm-none-eabi/5.4.1/armv7e-m\libgcc.a(_aeabi_uldivmod.o)
 .ARM.attributes
                0x00000777       0x2e c:/program files (x86)/gnu_tools_arm_embedded/5.4_2016q3/bin/../lib/gcc/arm-none-eabi/5.4.1/armv7e-m\libgcc.a(_udivmoddi4.o)
 .ARM.attributes
                0x000007a5       0x1e c:/program files (x86)/gnu_tools_arm_embedded/5.4_2016q3/bin/../lib/gcc/arm-none-eabi/5.4.1/armv7e-m\libgcc.a(_dvmd_tls.o)

.debug_frame    0x00000000     0x30cc
 .debug_frame   0x00000000       0x4c ..\obj\startup_stm32f4xx.o
 .debug_frame   0x0000004c       0x30 ..\obj\main.o
 .debug_frame   0x0000007c      0x6d4 ..\obj\stm32f4xx_rcc.o
 .debug_frame   0x00000750      0x5ec ..\obj\stm32f4xx_adc.o
 .debug_frame   0x00000d3c      0x1b8 ..\obj\helperFunctionsLib.o
 .debug_frame   0x00000ef4      0x23c ..\obj\stm32f4xx_gpio.o
 .debug_frame   0x00001130       0x7c ..\obj\system_stm32f4xx.o
 .debug_frame   0x000011ac      0x168 ..\obj\syscalls.o
 .debug_frame   0x00001314      0x2b8 ..\obj\lcd_5110.o
 .debug_frame   0x000015cc      0x3f4 ..\obj\stm32f4xx_spi.o
 .debug_frame   0x000019c0      0xe54 ..\obj\stm32f4xx_tim.o
 .debug_frame   0x00002814       0x28 c:/program files (x86)/gnu_tools_arm_embedded/5.4_2016q3/bin/../lib/gcc/arm-none-eabi/5.4.1/../../../../arm-none-eabi/lib/armv7e-m\libm.a(lib_a-sf_round.o)
 .debug_frame   0x0000283c       0xd0 c:/program files (x86)/gnu_tools_arm_embedded/5.4_2016q3/bin/../lib/gcc/arm-none-eabi/5.4.1/../../../../arm-none-eabi/lib/armv7e-m\libc.a(lib_a-snprintf.o)
 .debug_frame   0x0000290c       0x44 c:/program files (x86)/gnu_tools_arm_embedded/5.4_2016q3/bin/../lib/gcc/arm-none-eabi/5.4.1/../../../../arm-none-eabi/lib/armv7e-m\libc.a(lib_a-svfprintf.o)
 .debug_frame   0x00002950       0x88 c:/program files (x86)/gnu_tools_arm_embedded/5.4_2016q3/bin/../lib/gcc/arm-none-eabi/5.4.1/../../../../arm-none-eabi/lib/armv7e-m\libc.a(lib_a-dtoa.o)
 .debug_frame   0x000029d8       0x40 c:/program files (x86)/gnu_tools_arm_embedded/5.4_2016q3/bin/../lib/gcc/arm-none-eabi/5.4.1/../../../../arm-none-eabi/lib/armv7e-m\libc.a(lib_a-localeconv.o)
 .debug_frame   0x00002a18       0x58 c:/program files (x86)/gnu_tools_arm_embedded/5.4_2016q3/bin/../lib/gcc/arm-none-eabi/5.4.1/../../../../arm-none-eabi/lib/armv7e-m\libc.a(lib_a-mallocr.o)
 .debug_frame   0x00002a70       0x30 c:/program files (x86)/gnu_tools_arm_embedded/5.4_2016q3/bin/../lib/gcc/arm-none-eabi/5.4.1/../../../../arm-none-eabi/lib/armv7e-m\libc.a(lib_a-mlock.o)
 .debug_frame   0x00002aa0      0x264 c:/program files (x86)/gnu_tools_arm_embedded/5.4_2016q3/bin/../lib/gcc/arm-none-eabi/5.4.1/../../../../arm-none-eabi/lib/armv7e-m\libc.a(lib_a-mprec.o)
 .debug_frame   0x00002d04       0x2c c:/program files (x86)/gnu_tools_arm_embedded/5.4_2016q3/bin/../lib/gcc/arm-none-eabi/5.4.1/../../../../arm-none-eabi/lib/armv7e-m\libc.a(lib_a-sbrkr.o)
 .debug_frame   0x00002d30       0x78 c:/program files (x86)/gnu_tools_arm_embedded/5.4_2016q3/bin/../lib/gcc/arm-none-eabi/5.4.1/../../../../arm-none-eabi/lib/armv7e-m\libc.a(lib_a-svfiprintf.o)
 .debug_frame   0x00002da8       0x28 c:/program files (x86)/gnu_tools_arm_embedded/5.4_2016q3/bin/../lib/gcc/arm-none-eabi/5.4.1/../../../../arm-none-eabi/lib/armv7e-m\libc.a(lib_a-callocr.o)
 .debug_frame   0x00002dd0       0x74 c:/program files (x86)/gnu_tools_arm_embedded/5.4_2016q3/bin/../lib/gcc/arm-none-eabi/5.4.1/../../../../arm-none-eabi/lib/armv7e-m\libc.a(lib_a-freer.o)
 .debug_frame   0x00002e44       0x84 c:/program files (x86)/gnu_tools_arm_embedded/5.4_2016q3/bin/../lib/gcc/arm-none-eabi/5.4.1/../../../../arm-none-eabi/lib/armv7e-m\libc.a(lib_a-locale.o)
 .debug_frame   0x00002ec8       0x4c c:/program files (x86)/gnu_tools_arm_embedded/5.4_2016q3/bin/../lib/gcc/arm-none-eabi/5.4.1/../../../../arm-none-eabi/lib/armv7e-m\libc.a(lib_a-mbtowc_r.o)
 .debug_frame   0x00002f14       0x30 c:/program files (x86)/gnu_tools_arm_embedded/5.4_2016q3/bin/../lib/gcc/arm-none-eabi/5.4.1/../../../../arm-none-eabi/lib/armv7e-m\libc.a(lib_a-memmove.o)
 .debug_frame   0x00002f44       0x34 c:/program files (x86)/gnu_tools_arm_embedded/5.4_2016q3/bin/../lib/gcc/arm-none-eabi/5.4.1/../../../../arm-none-eabi/lib/armv7e-m\libc.a(lib_a-memset.o)
 .debug_frame   0x00002f78       0x60 c:/program files (x86)/gnu_tools_arm_embedded/5.4_2016q3/bin/../lib/gcc/arm-none-eabi/5.4.1/../../../../arm-none-eabi/lib/armv7e-m\libc.a(lib_a-reallocr.o)
 .debug_frame   0x00002fd8       0x58 c:/program files (x86)/gnu_tools_arm_embedded/5.4_2016q3/bin/../lib/gcc/arm-none-eabi/5.4.1/../../../../arm-none-eabi/lib/armv7e-m\libc.a(lib_a-reent.o)
 .debug_frame   0x00003030       0x3c c:/program files (x86)/gnu_tools_arm_embedded/5.4_2016q3/bin/../lib/gcc/arm-none-eabi/5.4.1/../../../../arm-none-eabi/lib/armv7e-m\libc.a(lib_a-wctomb_r.o)
 .debug_frame   0x0000306c       0x2c c:/program files (x86)/gnu_tools_arm_embedded/5.4_2016q3/bin/../lib/gcc/arm-none-eabi/5.4.1/armv7e-m\libgcc.a(_aeabi_uldivmod.o)
 .debug_frame   0x00003098       0x34 c:/program files (x86)/gnu_tools_arm_embedded/5.4_2016q3/bin/../lib/gcc/arm-none-eabi/5.4.1/armv7e-m\libgcc.a(_udivmoddi4.o)
