Archive member included to satisfy reference by file (symbol)

c:/program files (x86)/gnu_tools_arm_embedded/5.4_2016q3/bin/../lib/gcc/arm-none-eabi/5.4.1/../../../../arm-none-eabi/lib/armv7e-m\libm.a(lib_a-sf_round.o)
                              ..\obj\main.o (roundf)
c:/program files (x86)/gnu_tools_arm_embedded/5.4_2016q3/bin/../lib/gcc/arm-none-eabi/5.4.1/../../../../arm-none-eabi/lib/armv7e-m\libm.a(lib_a-w_log10.o)
                              ..\obj\main.o (log10)
c:/program files (x86)/gnu_tools_arm_embedded/5.4_2016q3/bin/../lib/gcc/arm-none-eabi/5.4.1/../../../../arm-none-eabi/lib/armv7e-m\libm.a(lib_a-w_pow.o)
                              ..\obj\main.o (pow)
c:/program files (x86)/gnu_tools_arm_embedded/5.4_2016q3/bin/../lib/gcc/arm-none-eabi/5.4.1/../../../../arm-none-eabi/lib/armv7e-m\libm.a(lib_a-e_log10.o)
                              c:/program files (x86)/gnu_tools_arm_embedded/5.4_2016q3/bin/../lib/gcc/arm-none-eabi/5.4.1/../../../../arm-none-eabi/lib/armv7e-m\libm.a(lib_a-w_log10.o) (__ieee754_log10)
c:/program files (x86)/gnu_tools_arm_embedded/5.4_2016q3/bin/../lib/gcc/arm-none-eabi/5.4.1/../../../../arm-none-eabi/lib/armv7e-m\libm.a(lib_a-e_pow.o)
                              c:/program files (x86)/gnu_tools_arm_embedded/5.4_2016q3/bin/../lib/gcc/arm-none-eabi/5.4.1/../../../../arm-none-eabi/lib/armv7e-m\libm.a(lib_a-w_pow.o) (__ieee754_pow)
c:/program files (x86)/gnu_tools_arm_embedded/5.4_2016q3/bin/../lib/gcc/arm-none-eabi/5.4.1/../../../../arm-none-eabi/lib/armv7e-m\libm.a(lib_a-e_sqrt.o)
                              c:/program files (x86)/gnu_tools_arm_embedded/5.4_2016q3/bin/../lib/gcc/arm-none-eabi/5.4.1/../../../../arm-none-eabi/lib/armv7e-m\libm.a(lib_a-e_pow.o) (__ieee754_sqrt)
c:/program files (x86)/gnu_tools_arm_embedded/5.4_2016q3/bin/../lib/gcc/arm-none-eabi/5.4.1/../../../../arm-none-eabi/lib/armv7e-m\libm.a(lib_a-s_fabs.o)
                              c:/program files (x86)/gnu_tools_arm_embedded/5.4_2016q3/bin/../lib/gcc/arm-none-eabi/5.4.1/../../../../arm-none-eabi/lib/armv7e-m\libm.a(lib_a-e_pow.o) (fabs)
c:/program files (x86)/gnu_tools_arm_embedded/5.4_2016q3/bin/../lib/gcc/arm-none-eabi/5.4.1/../../../../arm-none-eabi/lib/armv7e-m\libm.a(lib_a-s_finite.o)
                              c:/program files (x86)/gnu_tools_arm_embedded/5.4_2016q3/bin/../lib/gcc/arm-none-eabi/5.4.1/../../../../arm-none-eabi/lib/armv7e-m\libm.a(lib_a-w_pow.o) (finite)
c:/program files (x86)/gnu_tools_arm_embedded/5.4_2016q3/bin/../lib/gcc/arm-none-eabi/5.4.1/../../../../arm-none-eabi/lib/armv7e-m\libm.a(lib_a-s_lib_ver.o)
                              c:/program files (x86)/gnu_tools_arm_embedded/5.4_2016q3/bin/../lib/gcc/arm-none-eabi/5.4.1/../../../../arm-none-eabi/lib/armv7e-m\libm.a(lib_a-w_log10.o) (__fdlib_version)
c:/program files (x86)/gnu_tools_arm_embedded/5.4_2016q3/bin/../lib/gcc/arm-none-eabi/5.4.1/../../../../arm-none-eabi/lib/armv7e-m\libm.a(lib_a-s_matherr.o)
                              c:/program files (x86)/gnu_tools_arm_embedded/5.4_2016q3/bin/../lib/gcc/arm-none-eabi/5.4.1/../../../../arm-none-eabi/lib/armv7e-m\libm.a(lib_a-w_log10.o) (matherr)
c:/program files (x86)/gnu_tools_arm_embedded/5.4_2016q3/bin/../lib/gcc/arm-none-eabi/5.4.1/../../../../arm-none-eabi/lib/armv7e-m\libm.a(lib_a-s_nan.o)
                              c:/program files (x86)/gnu_tools_arm_embedded/5.4_2016q3/bin/../lib/gcc/arm-none-eabi/5.4.1/../../../../arm-none-eabi/lib/armv7e-m\libm.a(lib_a-w_log10.o) (nan)
c:/program files (x86)/gnu_tools_arm_embedded/5.4_2016q3/bin/../lib/gcc/arm-none-eabi/5.4.1/../../../../arm-none-eabi/lib/armv7e-m\libm.a(lib_a-s_rint.o)
                              c:/program files (x86)/gnu_tools_arm_embedded/5.4_2016q3/bin/../lib/gcc/arm-none-eabi/5.4.1/../../../../arm-none-eabi/lib/armv7e-m\libm.a(lib_a-w_pow.o) (rint)
c:/program files (x86)/gnu_tools_arm_embedded/5.4_2016q3/bin/../lib/gcc/arm-none-eabi/5.4.1/../../../../arm-none-eabi/lib/armv7e-m\libm.a(lib_a-s_scalbn.o)
                              c:/program files (x86)/gnu_tools_arm_embedded/5.4_2016q3/bin/../lib/gcc/arm-none-eabi/5.4.1/../../../../arm-none-eabi/lib/armv7e-m\libm.a(lib_a-e_pow.o) (scalbn)
c:/program files (x86)/gnu_tools_arm_embedded/5.4_2016q3/bin/../lib/gcc/arm-none-eabi/5.4.1/../../../../arm-none-eabi/lib/armv7e-m\libm.a(lib_a-e_log.o)
                              c:/program files (x86)/gnu_tools_arm_embedded/5.4_2016q3/bin/../lib/gcc/arm-none-eabi/5.4.1/../../../../arm-none-eabi/lib/armv7e-m\libm.a(lib_a-e_log10.o) (__ieee754_log)
c:/program files (x86)/gnu_tools_arm_embedded/5.4_2016q3/bin/../lib/gcc/arm-none-eabi/5.4.1/../../../../arm-none-eabi/lib/armv7e-m\libm.a(lib_a-s_copysign.o)
                              c:/program files (x86)/gnu_tools_arm_embedded/5.4_2016q3/bin/../lib/gcc/arm-none-eabi/5.4.1/../../../../arm-none-eabi/lib/armv7e-m\libm.a(lib_a-s_scalbn.o) (copysign)
[...]
Memory Configuration

Name             Origin             Length             Attributes
rom              0x08000000         0x00100000         xr
ram              0x20000000         0x00020000         xrw
ram1             0x10000000         0x00010000         xrw
*default*        0x00000000         0xffffffff

Linker script and memory map

                0x20020000                _eram = 0x20020000

.text           0x08000000     0xa2d1
 *(.isr_vector)
 .isr_vector    0x08000000      0x188 ..\obj\startup_stm32f4xx.o
                0x08000000                g_pfnVectors
 *(.text*)
 .text.Default_Reset_Handler
                0x08000188       0x5c ..\obj\startup_stm32f4xx.o
                0x08000188                Default_Reset_Handler
                0x08000188                Reset_Handler
 .text.Default_Handler
                0x080001e4        0x8 ..\obj\startup_stm32f4xx.o
                0x080001e4                RTC_Alarm_IRQHandler
                0x080001e4                HASH_RNG_IRQHandler
                0x080001e4                EXTI2_IRQHandler
                0x080001e4                TIM8_CC_IRQHandler
                0x080001e4                DebugMon_Handler
                0x080001e4                TIM1_CC_IRQHandler
                0x080001e4                DMA2_Stream5_IRQHandler
                0x080001e4                HardFault_Handler
                0x080001e4                DMA1_Stream5_IRQHandler
                0x080001e4                SysTick_Handler
                0x080001e4                PVD_IRQHandler
                0x080001e4                SDIO_IRQHandler
                0x080001e4                TAMP_STAMP_IRQHandler
                0x080001e4                PendSV_Handler
                0x080001e4                NMI_Handler
                0x080001e4                CAN2_RX1_IRQHandler
                0x080001e4                EXTI3_IRQHandler
                0x080001e4                TIM8_TRG_COM_TIM14_IRQHandler
                0x080001e4                TIM1_UP_TIM10_IRQHandler
                0x080001e4                TIM8_UP_TIM13_IRQHandler
                0x080001e4                I2C3_ER_IRQHandler
                0x080001e4                EXTI0_IRQHandler
                0x080001e4                I2C2_EV_IRQHandler
                0x080001e4                DMA1_Stream2_IRQHandler
                0x080001e4                CAN1_RX0_IRQHandler
                0x080001e4                FPU_IRQHandler
                0x080001e4                OTG_HS_WKUP_IRQHandler
                0x080001e4                UsageFault_Handler
                0x080001e4                CAN2_SCE_IRQHandler
                0x080001e4                DMA2_Stream2_IRQHandler
                0x080001e4                SPI1_IRQHandler
                0x080001e4                TIM6_DAC_IRQHandler
                0x080001e4                TIM1_BRK_TIM9_IRQHandler
                0x080001e4                DCMI_IRQHandler
                0x080001e4                CAN2_RX0_IRQHandler
                0x080001e4                DMA2_Stream3_IRQHandler
                0x080001e4                USART6_IRQHandler
                0x080001e4                USART3_IRQHandler
                0x080001e4                CRYP_IRQHandler
                0x080001e4                CAN1_RX1_IRQHandler
                0x080001e4                UART5_IRQHandler
                0x080001e4                DMA2_Stream0_IRQHandler
                0x080001e4                TIM4_IRQHandler
                0x080001e4                I2C1_EV_IRQHandler
                0x080001e4                DMA1_Stream6_IRQHandler
                0x080001e4                DMA1_Stream1_IRQHandler
                0x080001e4                UART4_IRQHandler
                0x080001e4                TIM3_IRQHandler
                0x080001e4                RCC_IRQHandler
                0x080001e4                TIM8_BRK_TIM12_IRQHandler
                0x080001e4                EXTI15_10_IRQHandler
                0x080001e4                ADC_IRQHandler
                0x080001e4                DMA1_Stream7_IRQHandler
                0x080001e4                TIM7_IRQHandler
                0x080001e4                CAN2_TX_IRQHandler
                0x080001e4                TIM5_IRQHandler
                0x080001e4                DMA2_Stream7_IRQHandler
                0x080001e4                I2C3_EV_IRQHandler
                0x080001e4                EXTI9_5_IRQHandler
                0x080001e4                RTC_WKUP_IRQHandler
                0x080001e4                ETH_WKUP_IRQHandler
                0x080001e4                SPI2_IRQHandler
                0x080001e4                OTG_HS_EP1_IN_IRQHandler
                0x080001e4                MemManage_Handler
                0x080001e4                DMA1_Stream0_IRQHandler
                0x080001e4                CAN1_TX_IRQHandler
                0x080001e4                SVC_Handler
                0x080001e4                EXTI4_IRQHandler
                0x080001e4                FSMC_IRQHandler
                0x080001e4                ETH_IRQHandler
                0x080001e4                OTG_HS_EP1_OUT_IRQHandler
                0x080001e4                WWDG_IRQHandler
                0x080001e4                TIM2_IRQHandler
                0x080001e4                OTG_FS_WKUP_IRQHandler
                0x080001e4                TIM1_TRG_COM_TIM11_IRQHandler
                0x080001e4                OTG_HS_IRQHandler
                0x080001e4                EXTI1_IRQHandler
                0x080001e4                USART2_IRQHandler
                0x080001e4                I2C2_ER_IRQHandler
                0x080001e4                DMA2_Stream1_IRQHandler
                0x080001e4                CAN1_SCE_IRQHandler
                0x080001e4                FLASH_IRQHandler
                0x080001e4                DMA2_Stream4_IRQHandler
                0x080001e4                BusFault_Handler
                0x080001e4                USART1_IRQHandler
                0x080001e4                OTG_FS_IRQHandler
                0x080001e4                SPI3_IRQHandler
                0x080001e4                DMA1_Stream4_IRQHandler
                0x080001e4                I2C1_ER_IRQHandler
                0x080001e4                DMA2_Stream6_IRQHandler
                0x080001e4                DMA1_Stream3_IRQHandler
 .text.delay    0x080001ec       0x38 ..\obj\main.o
                0x080001ec                delay
 .text.analogRead
                0x08000224       0x90 ..\obj\main.o
                0x08000224                analogRead
 *fill*         0x080002b4        0x4 
 .text.MQCalibration
                0x080002b8       0x90 ..\obj\main.o
                0x080002b8                MQCalibration
 .text.MQGetGasPercentage
                0x08000348       0x74 ..\obj\main.o
                0x08000348                MQGetGasPercentage
 *fill*         0x080003bc        0x4 
 .text.printFloatAdcValue
                0x080003c0       0xc0 ..\obj\main.o
                0x080003c0                printFloatAdcValue
 .text.main     0x08000480      0x130 ..\obj\main.o
                0x08000480                main
 .text.RCC_AHB1PeriphClockCmd
                0x080005b0       0x3c ..\obj\stm32f4xx_rcc.o
                0x080005b0                RCC_AHB1PeriphClockCmd
 .text.RCC_APB1PeriphClockCmd
                0x080005ec       0x3c ..\obj\stm32f4xx_rcc.o
                0x080005ec                RCC_APB1PeriphClockCmd
 .text.RCC_APB2PeriphClockCmd
                0x08000628       0x3c ..\obj\stm32f4xx_rcc.o
                0x08000628                RCC_APB2PeriphClockCmd
 .text.ADC_Init
                0x08000664       0xa8 ..\obj\stm32f4xx_adc.o
                0x08000664                ADC_Init
 .text.ADC_CommonInit
                0x0800070c       0x50 ..\obj\stm32f4xx_adc.o
                0x0800070c                ADC_CommonInit
 .text.ADC_Cmd  0x0800075c       0x38 ..\obj\stm32f4xx_adc.o
                0x0800075c                ADC_Cmd
 .text.ADC_RegularChannelConfig
                0x08000794      0x194 ..\obj\stm32f4xx_adc.o
                0x08000794                ADC_RegularChannelConfig
 .text.ADC_SoftwareStartConv
                0x08000928       0x20 ..\obj\stm32f4xx_adc.o
                0x08000928                ADC_SoftwareStartConv
 .text.ADC_GetConversionValue
                0x08000948       0x18 ..\obj\stm32f4xx_adc.o
                0x08000948                ADC_GetConversionValue
 .text.ADC_GetFlagStatus
                0x08000960       0x34 ..\obj\stm32f4xx_adc.o
                0x08000960                ADC_GetFlagStatus
 .text.setTimer
                0x08000994       0x54 ..\obj\helperFunctionsLib.o
                0x08000994                setTimer
 .text.heatUpProgress
                0x080009e8       0x2c ..\obj\helperFunctionsLib.o
                0x080009e8                heatUpProgress
 .text.ADCInit  0x08000a14       0x98 ..\obj\helperFunctionsLib.o
                0x08000a14                ADCInit
 *fill*         0x08000aac        0x4 
 .text.howLongToDrive
                0x08000ab0      0x138 ..\obj\helperFunctionsLib.o
                0x08000ab0                howLongToDrive
 .text.bloodAlcLevelShow
                0x08000be8       0x20 ..\obj\helperFunctionsLib.o
                0x08000be8                bloodAlcLevelShow
 .text.waitingScreenShow
                0x08000c08       0x20 ..\obj\helperFunctionsLib.o
                0x08000c08                waitingScreenShow
 .text.breathAlyzerLogoShow
                0x08000c28       0x20 ..\obj\helperFunctionsLib.o
                0x08000c28                breathAlyzerLogoShow
 .text.GPIO_Init
                0x08000c48      0x11c ..\obj\stm32f4xx_gpio.o
                0x08000c48                GPIO_Init
 .text.GPIO_ReadInputDataBit
                0x08000d64       0x34 ..\obj\stm32f4xx_gpio.o
                0x08000d64                GPIO_ReadInputDataBit
 .text.GPIO_SetBits
                0x08000d98       0x1c ..\obj\stm32f4xx_gpio.o
                0x08000d98                GPIO_SetBits
 .text.GPIO_ResetBits
                0x08000db4       0x1c ..\obj\stm32f4xx_gpio.o
                0x08000db4                GPIO_ResetBits
 .text.GPIO_PinAFConfig
                0x08000dd0       0x90 ..\obj\stm32f4xx_gpio.o
                0x08000dd0                GPIO_PinAFConfig
 .text.SystemInit
                0x08000e60       0x5c ..\obj\system_stm32f4xx.o
                0x08000e60                SystemInit
 .text.SetSysClock
                0x08000ebc       0xf4 ..\obj\system_stm32f4xx.o
 .text._sbrk    0x08000fb0       0x3c ..\obj\syscalls.o
                0x08000fb0                _sbrk
 .text.LCD5110_init
                0x08000fec       0x74 ..\obj\lcd_5110.o
                0x08000fec                LCD5110_init
 .text.LCD5110_write_char
                0x08001060       0x54 ..\obj\lcd_5110.o
                0x08001060                LCD5110_write_char
 .text.LCD5110_write_img
                0x080010b4       0x40 ..\obj\lcd_5110.o
                0x080010b4                LCD5110_write_img
 .text.LCD5110_write_string
                0x080010f4       0x30 ..\obj\lcd_5110.o
                0x080010f4                LCD5110_write_string
 .text.LCD5110_clear
                0x08001124       0x3c ..\obj\lcd_5110.o
                0x08001124                LCD5110_clear
 .text.LCD5110_set_XY
                0x08001160       0x44 ..\obj\lcd_5110.o
                0x08001160                LCD5110_set_XY
 .text.LCD5110_Write_Dec
                0x080011a4       0xdc ..\obj\lcd_5110.o
                0x080011a4                LCD5110_Write_Dec
 .text.LCD5110_Led
                0x08001280       0x34 ..\obj\lcd_5110.o
                0x08001280                LCD5110_Led
 .text.LCD5110_LCD_write_byte
                0x080012b4       0x40 ..\obj\lcd_5110.o
                0x080012b4                LCD5110_LCD_write_byte
 .text.LCD5110_GPIO_Config
                0x080012f4       0x38 ..\obj\lcd_5110.o
                0x080012f4                LCD5110_GPIO_Config
 .text.Init_SPI
                0x0800132c       0x9c ..\obj\lcd_5110.o
                0x0800132c                Init_SPI
 .text.SPI_Send_Byte
                0x080013c8       0x54 ..\obj\lcd_5110.o
                0x080013c8                SPI_Send_Byte
 .text.LCD5110_CS
                0x0800141c       0x34 ..\obj\lcd_5110.o
                0x0800141c                LCD5110_CS
 .text.LCD5110_RST
                0x08001450       0x34 ..\obj\lcd_5110.o
                0x08001450                LCD5110_RST
 .text.LCD5110_DC
                0x08001484       0x34 ..\obj\lcd_5110.o
                0x08001484                LCD5110_DC
 .text.LCD5110_DIN
                0x080014b8       0x34 ..\obj\lcd_5110.o
                0x080014b8                LCD5110_DIN
 .text.LCD5110_SCK
                0x080014ec       0x34 ..\obj\lcd_5110.o
                0x080014ec                LCD5110_SCK
 .text.LCD5110_Delay_ms
                0x08001520       0x2c ..\obj\lcd_5110.o
                0x08001520                LCD5110_Delay_ms
 .text.SPI_Init
                0x0800154c       0x88 ..\obj\stm32f4xx_spi.o
                0x0800154c                SPI_Init
 .text.SPI_Cmd  0x080015d4       0x40 ..\obj\stm32f4xx_spi.o
                0x080015d4                SPI_Cmd
 .text.SPI_I2S_SendData
                0x08001614       0x1c ..\obj\stm32f4xx_spi.o
                0x08001614                SPI_I2S_SendData
 .text.SPI_I2S_GetFlagStatus
                0x08001630       0x38 ..\obj\stm32f4xx_spi.o
                0x08001630                SPI_I2S_GetFlagStatus
 .text.TIM_TimeBaseInit
                0x08001668       0xd4 ..\obj\stm32f4xx_tim.o
                0x08001668                TIM_TimeBaseInit
 .text.TIM_Cmd  0x0800173c       0x40 ..\obj\stm32f4xx_tim.o
                0x0800173c                TIM_Cmd
 .text.TIM_ITConfig
                0x0800177c       0x48 ..\obj\stm32f4xx_tim.o
                0x0800177c                TIM_ITConfig
 .text.TIM_GetITStatus
                0x080017c4       0x54 ..\obj\stm32f4xx_tim.o
                0x080017c4                TIM_GetITStatus
 .text.TIM_ClearITPendingBit
                0x08001818       0x20 ..\obj\stm32f4xx_tim.o
                0x08001818                TIM_ClearITPendingBit
 .text.roundf   0x08001838       0x48 c:/program files (x86)/gnu_tools_arm_embedded/5.4_2016q3/bin/../lib/gcc/arm-none-eabi/5.4.1/../../../../arm-none-eabi/lib/armv7e-m\libm.a(lib_a-sf_round.o)
                0x08001838                roundf
 .text.log10    0x08001880      0x100 c:/program files (x86)/gnu_tools_arm_embedded/5.4_2016q3/bin/../lib/gcc/arm-none-eabi/5.4.1/../../../../arm-none-eabi/lib/armv7e-m\libm.a(lib_a-w_log10.o)
                0x08001880                log10
 .text.pow      0x08001980      0x2f0 c:/program files (x86)/gnu_tools_arm_embedded/5.4_2016q3/bin/../lib/gcc/arm-none-eabi/5.4.1/../../../../arm-none-eabi/lib/armv7e-m\libm.a(lib_a-w_pow.o)
                0x08001980                pow
 .text.__ieee754_log10
                0x08001c70      0x11c c:/program files (x86)/gnu_tools_arm_embedded/5.4_2016q3/bin/../lib/gcc/arm-none-eabi/5.4.1/../../../../arm-none-eabi/lib/armv7e-m\libm.a(lib_a-e_log10.o)
                0x08001c70                __ieee754_log10
 *fill*         0x08001d8c        0x4 
 .text.__ieee754_pow
                0x08001d90      0xab4 c:/program files (x86)/gnu_tools_arm_embedded/5.4_2016q3/bin/../lib/gcc/arm-none-eabi/5.4.1/../../../../arm-none-eabi/lib/armv7e-m\libm.a(lib_a-e_pow.o)
                0x08001d90                __ieee754_pow
 .text.__ieee754_sqrt
                0x08002844      0x180 c:/program files (x86)/gnu_tools_arm_embedded/5.4_2016q3/bin/../lib/gcc/arm-none-eabi/5.4.1/../../../../arm-none-eabi/lib/armv7e-m\libm.a(lib_a-e_sqrt.o)
                0x08002844                __ieee754_sqrt
 .text.fabs     0x080029c4        0x8 c:/program files (x86)/gnu_tools_arm_embedded/5.4_2016q3/bin/../lib/gcc/arm-none-eabi/5.4.1/../../../../arm-none-eabi/lib/armv7e-m\libm.a(lib_a-s_fabs.o)
                0x080029c4                fabs
 .text.finite   0x080029cc        0xc c:/program files (x86)/gnu_tools_arm_embedded/5.4_2016q3/bin/../lib/gcc/arm-none-eabi/5.4.1/../../../../arm-none-eabi/lib/armv7e-m\libm.a(lib_a-s_finite.o)
                0x080029cc                finite
 .text.matherr  0x080029d8        0x4 c:/program files (x86)/gnu_tools_arm_embedded/5.4_2016q3/bin/../lib/gcc/arm-none-eabi/5.4.1/../../../../arm-none-eabi/lib/armv7e-m\libm.a(lib_a-s_matherr.o)
                0x080029d8                matherr
 .text.nan      0x080029dc        0xc c:/program files (x86)/gnu_tools_arm_embedded/5.4_2016q3/bin/../lib/gcc/arm-none-eabi/5.4.1/../../../../arm-none-eabi/lib/armv7e-m\libm.a(lib_a-s_nan.o)
                0x080029dc                nan
 .text.rint     0x080029e8      0x118 c:/program files (x86)/gnu_tools_arm_embedded/5.4_2016q3/bin/../lib/gcc/arm-none-eabi/5.4.1/../../../../arm-none-eabi/lib/armv7e-m\libm.a(lib_a-s_rint.o)
                0x080029e8                rint
 .text.scalbn   0x08002b00       0xfc c:/program files (x86)/gnu_tools_arm_embedded/5.4_2016q3/bin/../lib/gcc/arm-none-eabi/5.4.1/../../../../arm-none-eabi/lib/armv7e-m\libm.a(lib_a-s_scalbn.o)
                0x08002b00                scalbn
 *fill*         0x08002bfc        0x4 
 .text.__ieee754_log
                0x08002c00      0x3e8 c:/program files (x86)/gnu_tools_arm_embedded/5.4_2016q3/bin/../lib/gcc/arm-none-eabi/5.4.1/../../../../arm-none-eabi/lib/armv7e-m\libm.a(lib_a-e_log.o)
                0x08002c00                __ieee754_log
 .text.copysign
                0x08002fe8       0x10 c:/program files (x86)/gnu_tools_arm_embedded/5.4_2016q3/bin/../lib/gcc/arm-none-eabi/5.4.1/../../../../arm-none-eabi/lib/armv7e-m\libm.a(lib_a-s_copysign.o)
                0x08002fe8                copysign
 .text          0x08002ff8      0x370 c:/program files (x86)/gnu_tools_arm_embedded/5.4_2016q3/bin/../lib/gcc/arm-none-eabi/5.4.1/armv7e-m\libgcc.a(_arm_addsubdf3.o)
                0x08002ff8                __aeabi_drsub
                0x08003000                __aeabi_dsub
                0x08003000                __subdf3
                0x08003004                __aeabi_dadd
                0x08003004                __adddf3
                0x0800327c                __floatunsidf
                0x0800327c                __aeabi_ui2d
                0x0800329c                __floatsidf
                0x0800329c                __aeabi_i2d
                0x080032c0                __aeabi_f2d
                0x080032c0                __extendsfdf2
                0x080032fc                __floatundidf
                0x080032fc                __aeabi_ul2d
                0x0800330c                __floatdidf
                0x0800330c                __aeabi_l2d
 .text          0x08003368      0x424 c:/program files (x86)/gnu_tools_arm_embedded/5.4_2016q3/bin/../lib/gcc/arm-none-eabi/5.4.1/armv7e-m\libgcc.a(_arm_muldivdf3.o)
                0x08003368                __aeabi_dmul
                0x08003368                __muldf3
                0x080035bc                __divdf3
                0x080035bc                __aeabi_ddiv
 .text          0x0800378c      0x110 c:/program files (x86)/gnu_tools_arm_embedded/5.4_2016q3/bin/../lib/gcc/arm-none-eabi/5.4.1/armv7e-m\libgcc.a(_arm_cmpdf2.o)
                0x0800378c                __gtdf2
                0x0800378c                __gedf2
                0x08003794                __ltdf2
                0x08003794                __ledf2
                0x0800379c                __nedf2
                0x0800379c                __eqdf2
                0x0800379c                __cmpdf2
                0x08003818                __aeabi_cdrcmple
                0x08003828                __aeabi_cdcmpeq
                0x08003828                __aeabi_cdcmple
                0x08003838                __aeabi_dcmpeq
                0x0800384c                __aeabi_dcmplt
                0x08003860                __aeabi_dcmple
                0x08003874                __aeabi_dcmpge
                0x08003888                __aeabi_dcmpgt
 .text          0x0800389c       0x2c c:/program files (x86)/gnu_tools_arm_embedded/5.4_2016q3/bin/../lib/gcc/arm-none-eabi/5.4.1/armv7e-m\libgcc.a(_arm_unorddf2.o)
                0x0800389c                __unorddf2
                0x0800389c                __aeabi_dcmpun
 .text          0x080038c8       0xa0 c:/program files (x86)/gnu_tools_arm_embedded/5.4_2016q3/bin/../lib/gcc/arm-none-eabi/5.4.1/armv7e-m\libgcc.a(_arm_truncdfsf2.o)
                0x080038c8                __truncdfsf2
                0x080038c8                __aeabi_d2f
 .text          0x08003968      0x21c c:/program files (x86)/gnu_tools_arm_embedded/5.4_2016q3/bin/../lib/gcc/arm-none-eabi/5.4.1/armv7e-m\libgcc.a(_arm_addsubsf3.o)
                0x08003968                __aeabi_frsub
                0x08003970                __subsf3
                0x08003970                __aeabi_fsub
                0x08003974                __aeabi_fadd
                0x08003974                __addsf3
                0x08003ad4                __aeabi_ui2f
                0x08003ad4                __floatunsisf
                0x08003adc                __aeabi_i2f
                0x08003adc                __floatsisf
                0x08003af8                __aeabi_ul2f
                0x08003af8                __floatundisf
                0x08003b08                __aeabi_l2f
                0x08003b08                __floatdisf
 .text          0x08003b84      0x2a0 c:/program files (x86)/gnu_tools_arm_embedded/5.4_2016q3/bin/../lib/gcc/arm-none-eabi/5.4.1/armv7e-m\libgcc.a(_arm_muldivsf3.o)
                0x08003b84                __mulsf3
                0x08003b84                __aeabi_fmul
                0x08003cec                __aeabi_fdiv
                0x08003cec                __divsf3
 .text          0x08003e24       0x4c c:/program files (x86)/gnu_tools_arm_embedded/5.4_2016q3/bin/../lib/gcc/arm-none-eabi/5.4.1/armv7e-m\libgcc.a(_arm_fixsfsi.o)
                0x08003e24                __aeabi_f2iz
                0x08003e24                __fixsfsi
 .text.__errno  0x08003e70        0xc c:/program files (x86)/gnu_tools_arm_embedded/5.4_2016q3/bin/../lib/gcc/arm-none-eabi/5.4.1/../../../../arm-none-eabi/lib/armv7e-m\libc.a(lib_a-errno.o)
                0x08003e70                __errno
 .text.snprintf
                0x08003e7c       0x9c c:/program files (x86)/gnu_tools_arm_embedded/5.4_2016q3/bin/../lib/gcc/arm-none-eabi/5.4.1/../../../../arm-none-eabi/lib/armv7e-m\libc.a(lib_a-snprintf.o)
                0x08003e7c                snprintf
 .text._svfprintf_r
                0x08003f18     0x16b0 c:/program files (x86)/gnu_tools_arm_embedded/5.4_2016q3/bin/../lib/gcc/arm-none-eabi/5.4.1/../../../../arm-none-eabi/lib/armv7e-m\libc.a(lib_a-svfprintf.o)
                0x08003f18                _svfprintf_r
 .text.quorem   0x080055c8      0x128 c:/program files (x86)/gnu_tools_arm_embedded/5.4_2016q3/bin/../lib/gcc/arm-none-eabi/5.4.1/../../../../arm-none-eabi/lib/armv7e-m\libc.a(lib_a-dtoa.o)
 .text._dtoa_r  0x080056f0      0xe58 c:/program files (x86)/gnu_tools_arm_embedded/5.4_2016q3/bin/../lib/gcc/arm-none-eabi/5.4.1/../../../../arm-none-eabi/lib/armv7e-m\libc.a(lib_a-dtoa.o)
                0x080056f0                _dtoa_r
 .text._localeconv_r
                0x08006548       0x1c c:/program files (x86)/gnu_tools_arm_embedded/5.4_2016q3/bin/../lib/gcc/arm-none-eabi/5.4.1/../../../../arm-none-eabi/lib/armv7e-m\libc.a(lib_a-localeconv.o)
                0x08006548                _localeconv_r
 .text._malloc_r
                0x08006564      0x570 c:/program files (x86)/gnu_tools_arm_embedded/5.4_2016q3/bin/../lib/gcc/arm-none-eabi/5.4.1/../../../../arm-none-eabi/lib/armv7e-m\libc.a(lib_a-mallocr.o)
                0x08006564                _malloc_r
 *fill*         0x08006ad4        0xc 
 .text          0x08006ae0       0xa0 c:/program files (x86)/gnu_tools_arm_embedded/5.4_2016q3/bin/../lib/gcc/arm-none-eabi/5.4.1/../../../../arm-none-eabi/lib/armv7e-m\libc.a(lib_a-memchr.o)
                0x08006ae0                memchr
 .text          0x08006b80      0x134 c:/program files (x86)/gnu_tools_arm_embedded/5.4_2016q3/bin/../lib/gcc/arm-none-eabi/5.4.1/../../../../arm-none-eabi/lib/armv7e-m\libc.a(lib_a-memcpy.o)
                0x08006b80                memcpy
 .text.__malloc_lock
                0x08006cb4        0x4 c:/program files (x86)/gnu_tools_arm_embedded/5.4_2016q3/bin/../lib/gcc/arm-none-eabi/5.4.1/../../../../arm-none-eabi/lib/armv7e-m\libc.a(lib_a-mlock.o)
                0x08006cb4                __malloc_lock
 .text.__malloc_unlock
                0x08006cb8        0x4 c:/program files (x86)/gnu_tools_arm_embedded/5.4_2016q3/bin/../lib/gcc/arm-none-eabi/5.4.1/../../../../arm-none-eabi/lib/armv7e-m\libc.a(lib_a-mlock.o)
                0x08006cb8                __malloc_unlock
 .text._Balloc  0x08006cbc       0x4c c:/program files (x86)/gnu_tools_arm_embedded/5.4_2016q3/bin/../lib/gcc/arm-none-eabi/5.4.1/../../../../arm-none-eabi/lib/armv7e-m\libc.a(lib_a-mprec.o)
                0x08006cbc                _Balloc
 .text._Bfree   0x08006d08       0x14 c:/program files (x86)/gnu_tools_arm_embedded/5.4_2016q3/bin/../lib/gcc/arm-none-eabi/5.4.1/../../../../arm-none-eabi/lib/armv7e-m\libc.a(lib_a-mprec.o)
                0x08006d08                _Bfree
 .text.__multadd
                0x08006d1c       0x80 c:/program files (x86)/gnu_tools_arm_embedded/5.4_2016q3/bin/../lib/gcc/arm-none-eabi/5.4.1/../../../../arm-none-eabi/lib/armv7e-m\libc.a(lib_a-mprec.o)
                0x08006d1c                __multadd
 .text.__hi0bits
                0x08006d9c       0x40 c:/program files (x86)/gnu_tools_arm_embedded/5.4_2016q3/bin/../lib/gcc/arm-none-eabi/5.4.1/../../../../arm-none-eabi/lib/armv7e-m\libc.a(lib_a-mprec.o)
                0x08006d9c                __hi0bits
 .text.__lo0bits
                0x08006ddc       0x5c c:/program files (x86)/gnu_tools_arm_embedded/5.4_2016q3/bin/../lib/gcc/arm-none-eabi/5.4.1/../../../../arm-none-eabi/lib/armv7e-m\libc.a(lib_a-mprec.o)
                0x08006ddc                __lo0bits
 .text.__i2b    0x08006e38       0x14 c:/program files (x86)/gnu_tools_arm_embedded/5.4_2016q3/bin/../lib/gcc/arm-none-eabi/5.4.1/../../../../arm-none-eabi/lib/armv7e-m\libc.a(lib_a-mprec.o)
                0x08006e38                __i2b
 .text.__multiply
                0x08006e4c      0x130 c:/program files (x86)/gnu_tools_arm_embedded/5.4_2016q3/bin/../lib/gcc/arm-none-eabi/5.4.1/../../../../arm-none-eabi/lib/armv7e-m\libc.a(lib_a-mprec.o)
                0x08006e4c                __multiply
 .text.__pow5mult
                0x08006f7c       0xa0 c:/program files (x86)/gnu_tools_arm_embedded/5.4_2016q3/bin/../lib/gcc/arm-none-eabi/5.4.1/../../../../arm-none-eabi/lib/armv7e-m\libc.a(lib_a-mprec.o)
                0x08006f7c                __pow5mult
 .text.__lshift
                0x0800701c       0xb0 c:/program files (x86)/gnu_tools_arm_embedded/5.4_2016q3/bin/../lib/gcc/arm-none-eabi/5.4.1/../../../../arm-none-eabi/lib/armv7e-m\libc.a(lib_a-mprec.o)
                0x0800701c                __lshift
 .text.__mcmp   0x080070cc       0x40 c:/program files (x86)/gnu_tools_arm_embedded/5.4_2016q3/bin/../lib/gcc/arm-none-eabi/5.4.1/../../../../arm-none-eabi/lib/armv7e-m\libc.a(lib_a-mprec.o)
                0x080070cc                __mcmp
 .text.__mdiff  0x0800710c      0x114 c:/program files (x86)/gnu_tools_arm_embedded/5.4_2016q3/bin/../lib/gcc/arm-none-eabi/5.4.1/../../../../arm-none-eabi/lib/armv7e-m\libc.a(lib_a-mprec.o)
                0x0800710c                __mdiff
 .text.__d2b    0x08007220       0xb8 c:/program files (x86)/gnu_tools_arm_embedded/5.4_2016q3/bin/../lib/gcc/arm-none-eabi/5.4.1/../../../../arm-none-eabi/lib/armv7e-m\libc.a(lib_a-mprec.o)
                0x08007220                __d2b
 .text._sbrk_r  0x080072d8       0x24 c:/program files (x86)/gnu_tools_arm_embedded/5.4_2016q3/bin/../lib/gcc/arm-none-eabi/5.4.1/../../../../arm-none-eabi/lib/armv7e-m\libc.a(lib_a-sbrkr.o)
                0x080072d8                _sbrk_r
 *fill*         0x080072fc        0x4 
 .text          0x08007300       0xdc c:/program files (x86)/gnu_tools_arm_embedded/5.4_2016q3/bin/../lib/gcc/arm-none-eabi/5.4.1/../../../../arm-none-eabi/lib/armv7e-m\libc.a(lib_a-strlen.o)
                0x08007300                strlen
 .text.__ssprint_r
                0x080073dc      0x100 c:/program files (x86)/gnu_tools_arm_embedded/5.4_2016q3/bin/../lib/gcc/arm-none-eabi/5.4.1/../../../../arm-none-eabi/lib/armv7e-m\libc.a(lib_a-svfiprintf.o)
                0x080073dc                __ssprint_r
 .text._calloc_r
                0x080074dc       0x60 c:/program files (x86)/gnu_tools_arm_embedded/5.4_2016q3/bin/../lib/gcc/arm-none-eabi/5.4.1/../../../../arm-none-eabi/lib/armv7e-m\libc.a(lib_a-callocr.o)
                0x080074dc                _calloc_r
 .text._malloc_trim_r
                0x0800753c       0x9c c:/program files (x86)/gnu_tools_arm_embedded/5.4_2016q3/bin/../lib/gcc/arm-none-eabi/5.4.1/../../../../arm-none-eabi/lib/armv7e-m\libc.a(lib_a-freer.o)
                0x0800753c                _malloc_trim_r
 .text._free_r  0x080075d8      0x1d0 c:/program files (x86)/gnu_tools_arm_embedded/5.4_2016q3/bin/../lib/gcc/arm-none-eabi/5.4.1/../../../../arm-none-eabi/lib/armv7e-m\libc.a(lib_a-freer.o)
                0x080075d8                _free_r
 .text.__ascii_mbtowc
                0x080077a8       0x2c c:/program files (x86)/gnu_tools_arm_embedded/5.4_2016q3/bin/../lib/gcc/arm-none-eabi/5.4.1/../../../../arm-none-eabi/lib/armv7e-m\libc.a(lib_a-mbtowc_r.o)
                0x080077a8                __ascii_mbtowc
 .text.memmove  0x080077d4       0xc8 c:/program files (x86)/gnu_tools_arm_embedded/5.4_2016q3/bin/../lib/gcc/arm-none-eabi/5.4.1/../../../../arm-none-eabi/lib/armv7e-m\libc.a(lib_a-memmove.o)
                0x080077d4                memmove
 .text.memset   0x0800789c       0x9c c:/program files (x86)/gnu_tools_arm_embedded/5.4_2016q3/bin/../lib/gcc/arm-none-eabi/5.4.1/../../../../arm-none-eabi/lib/armv7e-m\libc.a(lib_a-memset.o)
                0x0800789c                memset
 .text._realloc_r
                0x08007938      0x3e0 c:/program files (x86)/gnu_tools_arm_embedded/5.4_2016q3/bin/../lib/gcc/arm-none-eabi/5.4.1/../../../../arm-none-eabi/lib/armv7e-m\libc.a(lib_a-reallocr.o)
                0x08007938                _realloc_r
 .text.__ascii_wctomb
                0x08007d18       0x1c c:/program files (x86)/gnu_tools_arm_embedded/5.4_2016q3/bin/../lib/gcc/arm-none-eabi/5.4.1/../../../../arm-none-eabi/lib/armv7e-m\libc.a(lib_a-wctomb_r.o)
                0x08007d18                __ascii_wctomb
 .text          0x08007d34       0x50 c:/program files (x86)/gnu_tools_arm_embedded/5.4_2016q3/bin/../lib/gcc/arm-none-eabi/5.4.1/armv7e-m\libgcc.a(_arm_fixdfsi.o)
                0x08007d34                __aeabi_d2iz
                0x08007d34                __fixdfsi
 .text          0x08007d84       0x30 c:/program files (x86)/gnu_tools_arm_embedded/5.4_2016q3/bin/../lib/gcc/arm-none-eabi/5.4.1/armv7e-m\libgcc.a(_aeabi_uldivmod.o)
                0x08007d84                __aeabi_uldivmod
 .text          0x08007db4      0x2e4 c:/program files (x86)/gnu_tools_arm_embedded/5.4_2016q3/bin/../lib/gcc/arm-none-eabi/5.4.1/armv7e-m\libgcc.a(_udivmoddi4.o)
                0x08007db4                __udivmoddi4
 .text          0x08008098        0x4 c:/program files (x86)/gnu_tools_arm_embedded/5.4_2016q3/bin/../lib/gcc/arm-none-eabi/5.4.1/armv7e-m\libgcc.a(_dvmd_tls.o)
                0x08008098                __aeabi_idiv0
                0x08008098                __aeabi_ldiv0
 *(.init)
 *(.fini)
 *crtbegin.o(.ctors)
 *crtbegin?.o(.ctors)
 *(EXCLUDE_FILE(*crtend.o *crtend?.o) .ctors)
 *(SORT(.ctors.*))
 *(.ctors)
 *crtbegin.o(.dtors)
 *crtbegin?.o(.dtors)
 *(EXCLUDE_FILE(*crtend.o *crtend?.o) .dtors)
 *(SORT(.dtors.*))
 *(.dtors)
 *(.rodata*)
 .rodata        0x0800809c      0x3f5 ..\obj\main.o
                0x0800809c                shapes
                0x08008294                logo_mini_mono
 *fill*         0x08008491        0x3 
 .rodata        0x08008494     0x1b9e ..\obj\helperFunctionsLib.o
                0x08008494                BAL_menu
                0x0800868c                breathAlyzerLogo
                0x08008884                startBlowing
                0x08008a7c                hoursToDriveImg
                0x08008c74                preheatingTable
 *fill*         0x0800a032        0x2 
 .rodata.str1.4
                0x0800a034        0x6 c:/program files (x86)/gnu_tools_arm_embedded/5.4_2016q3/bin/../lib/gcc/arm-none-eabi/5.4.1/../../../../arm-none-eabi/lib/armv7e-m\libm.a(lib_a-w_log10.o)
                                  0x9 (size before relaxing)
 *fill*         0x0800a03a        0x2 
 .rodata.str1.4
                0x0800a03c        0x4 c:/program files (x86)/gnu_tools_arm_embedded/5.4_2016q3/bin/../lib/gcc/arm-none-eabi/5.4.1/../../../../arm-none-eabi/lib/armv7e-m\libm.a(lib_a-w_pow.o)
 .rodata.str1.4
                0x0800a040        0x1 c:/program files (x86)/gnu_tools_arm_embedded/5.4_2016q3/bin/../lib/gcc/arm-none-eabi/5.4.1/../../../../arm-none-eabi/lib/armv7e-m\libm.a(lib_a-e_pow.o)
 .rodata.TWO52  0x0800a040       0x10 c:/program files (x86)/gnu_tools_arm_embedded/5.4_2016q3/bin/../lib/gcc/arm-none-eabi/5.4.1/../../../../arm-none-eabi/lib/armv7e-m\libm.a(lib_a-s_rint.o)
 .rodata.zeroes.7256
                0x0800a050       0x10 c:/program files (x86)/gnu_tools_arm_embedded/5.4_2016q3/bin/../lib/gcc/arm-none-eabi/5.4.1/../../../../arm-none-eabi/lib/armv7e-m\libc.a(lib_a-svfprintf.o)
 .rodata.str1.4
                0x0800a060       0x3f c:/program files (x86)/gnu_tools_arm_embedded/5.4_2016q3/bin/../lib/gcc/arm-none-eabi/5.4.1/../../../../arm-none-eabi/lib/armv7e-m\libc.a(lib_a-svfprintf.o)
                                 0x42 (size before relaxing)
 *fill*         0x0800a09f        0x1 
 .rodata.blanks.7255
                0x0800a0a0       0x10 c:/program files (x86)/gnu_tools_arm_embedded/5.4_2016q3/bin/../lib/gcc/arm-none-eabi/5.4.1/../../../../arm-none-eabi/lib/armv7e-m\libc.a(lib_a-svfprintf.o)
 .rodata.str1.4
                0x0800a0b0       0x10 c:/program files (x86)/gnu_tools_arm_embedded/5.4_2016q3/bin/../lib/gcc/arm-none-eabi/5.4.1/../../../../arm-none-eabi/lib/armv7e-m\libc.a(lib_a-dtoa.o)
                                 0x12 (size before relaxing)
 .rodata.__mprec_tens
                0x0800a0c0       0xc8 c:/program files (x86)/gnu_tools_arm_embedded/5.4_2016q3/bin/../lib/gcc/arm-none-eabi/5.4.1/../../../../arm-none-eabi/lib/armv7e-m\libc.a(lib_a-mprec.o)
                0x0800a0c0                __mprec_tens
 .rodata.p05.6085
                0x0800a188        0xc c:/program files (x86)/gnu_tools_arm_embedded/5.4_2016q3/bin/../lib/gcc/arm-none-eabi/5.4.1/../../../../arm-none-eabi/lib/armv7e-m\libc.a(lib_a-mprec.o)
 *fill*         0x0800a194        0x4 
 .rodata.__mprec_bigtens
                0x0800a198       0x28 c:/program files (x86)/gnu_tools_arm_embedded/5.4_2016q3/bin/../lib/gcc/arm-none-eabi/5.4.1/../../../../arm-none-eabi/lib/armv7e-m\libc.a(lib_a-mprec.o)
                0x0800a198                __mprec_bigtens
 .rodata.str1.4
                0x0800a1c0       0x10 c:/program files (x86)/gnu_tools_arm_embedded/5.4_2016q3/bin/../lib/gcc/arm-none-eabi/5.4.1/../../../../arm-none-eabi/lib/armv7e-m\libc.a(lib_a-locale.o)
                                 0x12 (size before relaxing)
 .rodata._ctype_
                0x0800a1d0      0x101 c:/program files (x86)/gnu_tools_arm_embedded/5.4_2016q3/bin/../lib/gcc/arm-none-eabi/5.4.1/../../../../arm-none-eabi/lib/armv7e-m\libc.a(lib_a-ctype_.o)
                0x0800a1d0                _ctype_
 *(.eh_fram e*)

.glue_7         0x0800a2d4        0x0
 .glue_7        0x0800a2d4        0x0 linker stubs

.glue_7t        0x0800a2d4        0x0
 .glue_7t       0x0800a2d4        0x0 linker stubs

.vfp11_veneer   0x0800a2d4        0x0
 .vfp11_veneer  0x0800a2d4        0x0 linker stubs

.v4_bx          0x0800a2d4        0x0
 .v4_bx         0x0800a2d4        0x0 linker stubs

.iplt           0x0800a2d4        0x0
 .iplt          0x0800a2d4        0x0 ..\obj\stm32f4xx_syscfg.o

.ARM.extab
 *(.ARM.extab* .gnu.linkonce.armextab.*)
                0x0800a2d4                __exidx_start = .

.ARM.exidx      0x0800a2d4        0x8
 *(.ARM.exidx* .gnu.linkonce.armexidx.*)
 .ARM.exidx     0x0800a2d4        0x8 c:/program files (x86)/gnu_tools_arm_embedded/5.4_2016q3/bin/../lib/gcc/arm-none-eabi/5.4.1/armv7e-m\libgcc.a(_udivmoddi4.o)
                0x0800a2dc                __exidx_end = .
                0x0800a2dc                __etext = .
                0x0800a2dc                _sidata = __etext

.rel.dyn        0x0800a2dc        0x0
 .rel.iplt      0x0800a2dc        0x0 ..\obj\stm32f4xx_syscfg.o

.data           0x20000000      0xbd8 load address 0x0800a2dc
                0x20000000                __data_start__ = .
                0x20000000                _sdata = __data_start__
 *(vtable)
 *(.data*)
 .data          0x20000000        0x4 ..\obj\main.o
                0x20000000                Ro
 .data          0x20000004      0x228 ..\obj\lcd_5110.o
                0x20000004                font6_8
 .data.__fdlib_version
                0x2000022c        0x1 c:/program files (x86)/gnu_tools_arm_embedded/5.4_2016q3/bin/../lib/gcc/arm-none-eabi/5.4.1/../../../../arm-none-eabi/lib/armv7e-m\libm.a(lib_a-s_lib_ver.o)
                0x2000022c                __fdlib_version
 *fill*         0x2000022d        0x3 
 .data.impure_data
                0x20000230      0x428 c:/program files (x86)/gnu_tools_arm_embedded/5.4_2016q3/bin/../lib/gcc/arm-none-eabi/5.4.1/../../../../arm-none-eabi/lib/armv7e-m\libc.a(lib_a-impure.o)
 .data._impure_ptr
                0x20000658        0x4 c:/program files (x86)/gnu_tools_arm_embedded/5.4_2016q3/bin/../lib/gcc/arm-none-eabi/5.4.1/../../../../arm-none-eabi/lib/armv7e-m\libc.a(lib_a-impure.o)
                0x20000658                _impure_ptr
 .data.__malloc_av_
                0x2000065c      0x408 c:/program files (x86)/gnu_tools_arm_embedded/5.4_2016q3/bin/../lib/gcc/arm-none-eabi/5.4.1/../../../../arm-none-eabi/lib/armv7e-m\libc.a(lib_a-mallocr.o)
                0x2000065c                __malloc_av_
 .data.__malloc_trim_threshold
                0x20000a64        0x4 c:/program files (x86)/gnu_tools_arm_embedded/5.4_2016q3/bin/../lib/gcc/arm-none-eabi/5.4.1/../../../../arm-none-eabi/lib/armv7e-m\libc.a(lib_a-mallocr.o)
                0x20000a64                __malloc_trim_threshold
 .data.__malloc_sbrk_base
                0x20000a68        0x4 c:/program files (x86)/gnu_tools_arm_embedded/5.4_2016q3/bin/../lib/gcc/arm-none-eabi/5.4.1/../../../../arm-none-eabi/lib/armv7e-m\libc.a(lib_a-mallocr.o)
                0x20000a68                __malloc_sbrk_base
 .data.__global_locale
                0x20000a6c      0x16c c:/program files (x86)/gnu_tools_arm_embedded/5.4_2016q3/bin/../lib/gcc/arm-none-eabi/5.4.1/../../../../arm-none-eabi/lib/armv7e-m\libc.a(lib_a-locale.o)
                0x20000a6c                __global_locale
                0x20000bd8                . = ALIGN (0x4)
                [!provide]                PROVIDE (__preinit_array_start, .)
 *(.preinit_array)
                [!provide]                PROVIDE (__preinit_array_end, .)
                0x20000bd8                . = ALIGN (0x4)
                [!provide]                PROVIDE (__init_array_start, .)
 *(SORT(.init_array.*))
 *(.init_array)
                [!provide]                PROVIDE (__init_array_end, .)
                0x20000bd8                . = ALIGN (0x4)
                [!provide]                PROVIDE (__fini_array_start, .)
 *(SORT(.fini_array.*))
 *(.fini_array)
                [!provide]                PROVIDE (__fini_array_end, .)
 *(.jcr*)
                0x20000bd8                . = ALIGN (0x4)
                0x20000bd8                __data_end__ = .
                0x20000bd8                _edata = __data_end__

.igot.plt       0x20000bd8        0x0 load address 0x0800aeb4
 .igot.plt      0x20000bd8        0x0 ..\obj\stm32f4xx_syscfg.o

.bss            0x20000bd8       0x4c load address 0x0800aeb4
                0x20000bd8                . = ALIGN (0x4)
                0x20000bd8                __bss_start__ = .
                0x20000bd8                _sbss = __bss_start__
 *(.bss*)
 .bss           0x20000bd8        0xc ..\obj\main.o
                0x20000bd8                ADC_Result
                0x20000bdc                afterCalibration
                0x20000be0                alcocholLevelPerMil
 .bss           0x20000be4        0x4 ..\obj\syscalls.o
 .bss.__malloc_max_total_mem
                0x20000be8        0x4 c:/program files (x86)/gnu_tools_arm_embedded/5.4_2016q3/bin/../lib/gcc/arm-none-eabi/5.4.1/../../../../arm-none-eabi/lib/armv7e-m\libc.a(lib_a-mallocr.o)
                0x20000be8                __malloc_max_total_mem
 .bss.__malloc_max_sbrked_mem
                0x20000bec        0x4 c:/program files (x86)/gnu_tools_arm_embedded/5.4_2016q3/bin/../lib/gcc/arm-none-eabi/5.4.1/../../../../arm-none-eabi/lib/armv7e-m\libc.a(lib_a-mallocr.o)
                0x20000bec                __malloc_max_sbrked_mem
 .bss.__malloc_top_pad
                0x20000bf0        0x4 c:/program files (x86)/gnu_tools_arm_embedded/5.4_2016q3/bin/../lib/gcc/arm-none-eabi/5.4.1/../../../../arm-none-eabi/lib/armv7e-m\libc.a(lib_a-mallocr.o)
                0x20000bf0                __malloc_top_pad
 .bss.__malloc_current_mallinfo
                0x20000bf4       0x28 c:/program files (x86)/gnu_tools_arm_embedded/5.4_2016q3/bin/../lib/gcc/arm-none-eabi/5.4.1/../../../../arm-none-eabi/lib/armv7e-m\libc.a(lib_a-mallocr.o)
                0x20000bf4                __malloc_current_mallinfo
 *(COMMON)
 COMMON         0x20000c1c        0x4 ..\obj\main.o
                0x20000c1c                mgL
 COMMON         0x20000c20        0x4 c:/program files (x86)/gnu_tools_arm_embedded/5.4_2016q3/bin/../lib/gcc/arm-none-eabi/5.4.1/../../../../arm-none-eabi/lib/armv7e-m\libc.a(lib_a-reent.o)
                0x20000c20                errno
                0x20000c24                . = ALIGN (0x4)
                0x20000c24                __bss_end__ = .
                0x20000c24                _ebss = __bss_end__

.heap           0x20000c24        0x0
                0x20000c24                __end__ = .
                0x20000c24                _end = __end__
                0x20000c24                end = __end__
 *(.heap*)
                0x20000c24                __HeapLimit = .

.co_stack       0x20000c24      0x804 load address 0x0800af00
                0x20000c28                . = ALIGN (0x8)
 *fill*         0x20000c24        0x4 
 *(.co_stack .co_stack.*)
 .co_stack      0x20000c28      0x800 ..\obj\startup_stm32f4xx.o
                0x20000c28                pulStack
                0x20020000                __StackTop = (ORIGIN (ram) + LENGTH (ram))
                0x2001f7fc                __StackLimit = (__StackTop - SIZEOF (.co_stack))
                [!provide]                PROVIDE (__stack, __StackTop)
                0x00000001                ASSERT ((__StackLimit >= __HeapLimit), region ram  overflowed with stack)
LOAD ..\obj\stm32f4xx_syscfg.o
LOAD ..\obj\startup_stm32f4xx.o
LOAD ..\obj\main.o
LOAD ..\obj\stm32f4xx_rcc.o
LOAD ..\obj\stm32f4xx_adc.o
LOAD ..\obj\helperFunctionsLib.o
LOAD ..\obj\stm32f4xx_gpio.o
LOAD ..\obj\system_stm32f4xx.o
LOAD ..\obj\syscalls.o
LOAD ..\obj\lcd_5110.o
LOAD ..\obj\stm32f4xx_spi.o
LOAD ..\obj\stm32f4xx_tim.o
LOAD ..\obj\promil.o
LOAD c:/program files (x86)/gnu_tools_arm_embedded/5.4_2016q3/bin/../lib/gcc/arm-none-eabi/5.4.1/../../../../arm-none-eabi/lib/armv7e-m\libm.a
LOAD c:/program files (x86)/gnu_tools_arm_embedded/5.4_2016q3/bin/../lib/gcc/arm-none-eabi/5.4.1/armv7e-m\libgcc.a
LOAD c:/program files (x86)/gnu_tools_arm_embedded/5.4_2016q3/bin/../lib/gcc/arm-none-eabi/5.4.1/../../../../arm-none-eabi/lib/armv7e-m\libc.a
START GROUP
LOAD c:/program files (x86)/gnu_tools_arm_embedded/5.4_2016q3/bin/../lib/gcc/arm-none-eabi/5.4.1/armv7e-m\libgcc.a
LOAD c:/program files (x86)/gnu_tools_arm_embedded/5.4_2016q3/bin/../lib/gcc/arm-none-eabi/5.4.1/../../../../arm-none-eabi/lib/armv7e-m\libg.a
LOAD c:/program files (x86)/gnu_tools_arm_embedded/5.4_2016q3/bin/../lib/gcc/arm-none-eabi/5.4.1/../../../../arm-none-eabi/lib/armv7e-m\libc.a
END GROUP
OUTPUT(smart_alcometer.elf elf32-littlearm)

.debug_info     0x00000000     0x7117
 .debug_info    0x00000000       0xf2 ..\obj\startup_stm32f4xx.o
 .debug_info    0x000000f2      0x803 ..\obj\main.o
 .debug_info    0x000008f5      0xc63 ..\obj\stm32f4xx_rcc.o
 .debug_info    0x00001558      0xc40 ..\obj\stm32f4xx_adc.o
 .debug_info    0x00002198      0xfda ..\obj\helperFunctionsLib.o
 .debug_info    0x00003172      0x61a ..\obj\stm32f4xx_gpio.o
 .debug_info    0x0000378c      0x5c5 ..\obj\system_stm32f4xx.o
 .debug_info    0x00003d51      0x458 ..\obj\syscalls.o
 .debug_info    0x000041a9      0x7f6 ..\obj\lcd_5110.o
 .debug_info    0x0000499f      0xb0f ..\obj\stm32f4xx_spi.o
 .debug_info    0x000054ae     0x1c69 ..\obj\stm32f4xx_tim.o

.debug_abbrev   0x00000000     0x10cc
 .debug_abbrev  0x00000000       0xb0 ..\obj\startup_stm32f4xx.o
 .debug_abbrev  0x000000b0      0x208 ..\obj\main.o
 .debug_abbrev  0x000002b8      0x1e5 ..\obj\stm32f4xx_rcc.o
 .debug_abbrev  0x0000049d      0x198 ..\obj\stm32f4xx_adc.o
 .debug_abbrev  0x00000635      0x1ff ..\obj\helperFunctionsLib.o
 .debug_abbrev  0x00000834      0x1a7 ..\obj\stm32f4xx_gpio.o
 .debug_abbrev  0x000009db      0x138 ..\obj\system_stm32f4xx.o
 .debug_abbrev  0x00000b13       0xe5 ..\obj\syscalls.o
 .debug_abbrev  0x00000bf8      0x1e2 ..\obj\lcd_5110.o
 .debug_abbrev  0x00000dda      0x169 ..\obj\stm32f4xx_spi.o
 .debug_abbrev  0x00000f43      0x189 ..\obj\stm32f4xx_tim.o

.debug_aranges  0x00000000      0x948
 .debug_aranges
                0x00000000       0x28 ..\obj\startup_stm32f4xx.o
 .debug_aranges
                0x00000028       0x50 ..\obj\main.o
 .debug_aranges
                0x00000078      0x178 ..\obj\stm32f4xx_rcc.o
 .debug_aranges
                0x000001f0      0x148 ..\obj\stm32f4xx_adc.o
 .debug_aranges
                0x00000338       0x70 ..\obj\helperFunctionsLib.o
 .debug_aranges
                0x000003a8       0x88 ..\obj\stm32f4xx_gpio.o
 .debug_aranges
                0x00000430       0x30 ..\obj\system_stm32f4xx.o
 .debug_aranges
                0x00000460       0x60 ..\obj\syscalls.o
 .debug_aranges
                0x000004c0       0xb0 ..\obj\lcd_5110.o
 .debug_aranges
                0x00000570       0xe0 ..\obj\stm32f4xx_spi.o
 .debug_aranges
                0x00000650      0x2f8 ..\obj\stm32f4xx_tim.o

.debug_ranges   0x00000000      0x898
 .debug_ranges  0x00000000       0x18 ..\obj\startup_stm32f4xx.o
 .debug_ranges  0x00000018       0x40 ..\obj\main.o
 .debug_ranges  0x00000058      0x168 ..\obj\stm32f4xx_rcc.o
 .debug_ranges  0x000001c0      0x138 ..\obj\stm32f4xx_adc.o
 .debug_ranges  0x000002f8       0x60 ..\obj\helperFunctionsLib.o
 .debug_ranges  0x00000358       0x78 ..\obj\stm32f4xx_gpio.o
 .debug_ranges  0x000003d0       0x20 ..\obj\system_stm32f4xx.o
 .debug_ranges  0x000003f0       0x50 ..\obj\syscalls.o
 .debug_ranges  0x00000440       0xa0 ..\obj\lcd_5110.o
 .debug_ranges  0x000004e0       0xd0 ..\obj\stm32f4xx_spi.o
 .debug_ranges  0x000005b0      0x2e8 ..\obj\stm32f4xx_tim.o

.debug_line     0x00000000     0x2fbc
 .debug_line    0x00000000       0xa3 ..\obj\startup_stm32f4xx.o
 .debug_line    0x000000a3      0x2f0 ..\obj\main.o
 .debug_line    0x00000393      0x5cd ..\obj\stm32f4xx_rcc.o
 .debug_line    0x00000960      0x585 ..\obj\stm32f4xx_adc.o
 .debug_line    0x00000ee5      0x5a8 ..\obj\helperFunctionsLib.o
 .debug_line    0x0000148d      0x388 ..\obj\stm32f4xx_gpio.o
 .debug_line    0x00001815      0x206 ..\obj\system_stm32f4xx.o
 .debug_line    0x00001a1b      0x1f3 ..\obj\syscalls.o
 .debug_line    0x00001c0e      0x444 ..\obj\lcd_5110.o
 .debug_line    0x00002052      0x481 ..\obj\stm32f4xx_spi.o
 .debug_line    0x000024d3      0xae9 ..\obj\stm32f4xx_tim.o

.debug_str      0x00000000     0x2895
 .debug_str     0x00000000      0x137 ..\obj\startup_stm32f4xx.o
                                0x149 (size before relaxing)
 .debug_str     0x00000137      0x4be ..\obj\main.o
                                0x5b3 (size before relaxing)
 .debug_str     0x000005f5      0x670 ..\obj\stm32f4xx_rcc.o
                                0x852 (size before relaxing)
 .debug_str     0x00000c65      0x5eb ..\obj\stm32f4xx_adc.o
                                0x806 (size before relaxing)
 .debug_str     0x00001250      0x26d ..\obj\helperFunctionsLib.o
                                0x829 (size before relaxing)
 .debug_str     0x000014bd      0x1a5 ..\obj\stm32f4xx_gpio.o
                                0x4a5 (size before relaxing)
 .debug_str     0x00001662      0x11a ..\obj\system_stm32f4xx.o
                                0x3ac (size before relaxing)
 .debug_str     0x0000177c      0x183 ..\obj\syscalls.o
                                0x342 (size before relaxing)
 .debug_str     0x000018ff      0x216 ..\obj\lcd_5110.o
                                0x5c9 (size before relaxing)
 .debug_str     0x00001b15      0x2f8 ..\obj\stm32f4xx_spi.o
                                0x68c (size before relaxing)
 .debug_str     0x00001e0d      0xa88 ..\obj\stm32f4xx_tim.o
                                0xdd2 (size before relaxing)

.comment        0x00000000       0x6e
 .comment       0x00000000       0x6e ..\obj\startup_stm32f4xx.o
                                 0x6f (size before relaxing)
 .comment       0x0000006e       0x6f ..\obj\main.o
 .comment       0x0000006e       0x6f ..\obj\stm32f4xx_rcc.o
 .comment       0x0000006e       0x6f ..\obj\stm32f4xx_adc.o
 .comment       0x0000006e       0x6f ..\obj\helperFunctionsLib.o
 .comment       0x0000006e       0x6f ..\obj\stm32f4xx_gpio.o
 .comment       0x0000006e       0x6f ..\obj\system_stm32f4xx.o
 .comment       0x0000006e       0x6f ..\obj\syscalls.o
 .comment       0x0000006e       0x6f ..\obj\lcd_5110.o
 .comment       0x0000006e       0x6f ..\obj\stm32f4xx_spi.o
 .comment       0x0000006e       0x6f ..\obj\stm32f4xx_tim.o

.ARM.attributes
                0x00000000       0x31
 .ARM.attributes
                0x00000000       0x33 ..\obj\startup_stm32f4xx.o
 .ARM.attributes
                0x00000033       0x33 ..\obj\main.o
 .ARM.attributes
                0x00000066       0x33 ..\obj\stm32f4xx_rcc.o
 .ARM.attributes
                0x00000099       0x33 ..\obj\stm32f4xx_adc.o
 .ARM.attributes
                0x000000cc       0x33 ..\obj\helperFunctionsLib.o
 .ARM.attributes
                0x000000ff       0x33 ..\obj\stm32f4xx_gpio.o
 .ARM.attributes
                0x00000132       0x33 ..\obj\system_stm32f4xx.o
 .ARM.attributes
                0x00000165       0x33 ..\obj\syscalls.o
 .ARM.attributes
                0x00000198       0x33 ..\obj\lcd_5110.o
 .ARM.attributes
                0x000001cb       0x33 ..\obj\stm32f4xx_spi.o
 .ARM.attributes
                0x000001fe       0x33 ..\obj\stm32f4xx_tim.o
 .ARM.attributes
                0x00000231       0x2e c:/program files (x86)/gnu_tools_arm_embedded/5.4_2016q3/bin/../lib/gcc/arm-none-eabi/5.4.1/../../../../arm-none-eabi/lib/armv7e-m\libm.a(lib_a-sf_round.o)
 .ARM.attributes
                0x0000025f       0x2e c:/program files (x86)/gnu_tools_arm_embedded/5.4_2016q3/bin/../lib/gcc/arm-none-eabi/5.4.1/../../../../arm-none-eabi/lib/armv7e-m\libm.a(lib_a-w_log10.o)
 .ARM.attributes
                0x0000028d       0x2e c:/program files (x86)/gnu_tools_arm_embedded/5.4_2016q3/bin/../lib/gcc/arm-none-eabi/5.4.1/../../../../arm-none-eabi/lib/armv7e-m\libm.a(lib_a-w_pow.o)
 .ARM.attributes
                0x000002bb       0x2e c:/program files (x86)/gnu_tools_arm_embedded/5.4_2016q3/bin/../lib/gcc/arm-none-eabi/5.4.1/../../../../arm-none-eabi/lib/armv7e-m\libm.a(lib_a-e_log10.o)
 .ARM.attributes
                0x000002e9       0x2e c:/program files (x86)/gnu_tools_arm_embedded/5.4_2016q3/bin/../lib/gcc/arm-none-eabi/5.4.1/../../../../arm-none-eabi/lib/armv7e-m\libm.a(lib_a-e_pow.o)
 .ARM.attributes
                0x00000317       0x2e c:/program files (x86)/gnu_tools_arm_embedded/5.4_2016q3/bin/../lib/gcc/arm-none-eabi/5.4.1/../../../../arm-none-eabi/lib/armv7e-m\libm.a(lib_a-e_sqrt.o)
 .ARM.attributes
                0x00000345       0x2e c:/program files (x86)/gnu_tools_arm_embedded/5.4_2016q3/bin/../lib/gcc/arm-none-eabi/5.4.1/../../../../arm-none-eabi/lib/armv7e-m\libm.a(lib_a-s_fabs.o)
 .ARM.attributes
                0x00000373       0x2e c:/program files (x86)/gnu_tools_arm_embedded/5.4_2016q3/bin/../lib/gcc/arm-none-eabi/5.4.1/../../../../arm-none-eabi/lib/armv7e-m\libm.a(lib_a-s_finite.o)
 .ARM.attributes
                0x000003a1       0x2e c:/program files (x86)/gnu_tools_arm_embedded/5.4_2016q3/bin/../lib/gcc/arm-none-eabi/5.4.1/../../../../arm-none-eabi/lib/armv7e-m\libm.a(lib_a-s_lib_ver.o)
 .ARM.attributes
                0x000003cf       0x2e c:/program files (x86)/gnu_tools_arm_embedded/5.4_2016q3/bin/../lib/gcc/arm-none-eabi/5.4.1/../../../../arm-none-eabi/lib/armv7e-m\libm.a(lib_a-s_matherr.o)
 .ARM.attributes
                0x000003fd       0x2e c:/program files (x86)/gnu_tools_arm_embedded/5.4_2016q3/bin/../lib/gcc/arm-none-eabi/5.4.1/../../../../arm-none-eabi/lib/armv7e-m\libm.a(lib_a-s_nan.o)
 .ARM.attributes
                0x0000042b       0x2e c:/program files (x86)/gnu_tools_arm_embedded/5.4_2016q3/bin/../lib/gcc/arm-none-eabi/5.4.1/../../../../arm-none-eabi/lib/armv7e-m\libm.a(lib_a-s_rint.o)
 .ARM.attributes
                0x00000459       0x2e c:/program files (x86)/gnu_tools_arm_embedded/5.4_2016q3/bin/../lib/gcc/arm-none-eabi/5.4.1/../../../../arm-none-eabi/lib/armv7e-m\libm.a(lib_a-s_scalbn.o)
 .ARM.attributes
                0x00000487       0x2e c:/program files (x86)/gnu_tools_arm_embedded/5.4_2016q3/bin/../lib/gcc/arm-none-eabi/5.4.1/../../../../arm-none-eabi/lib/armv7e-m\libm.a(lib_a-e_log.o)
 .ARM.attributes
                0x000004b5       0x2e c:/program files (x86)/gnu_tools_arm_embedded/5.4_2016q3/bin/../lib/gcc/arm-none-eabi/5.4.1/../../../../arm-none-eabi/lib/armv7e-m\libm.a(lib_a-s_copysign.o)
 .ARM.attributes
                0x000004e3       0x1e c:/program files (x86)/gnu_tools_arm_embedded/5.4_2016q3/bin/../lib/gcc/arm-none-eabi/5.4.1/armv7e-m\libgcc.a(_arm_addsubdf3.o)
 .ARM.attributes
                0x00000501       0x1e c:/program files (x86)/gnu_tools_arm_embedded/5.4_2016q3/bin/../lib/gcc/arm-none-eabi/5.4.1/armv7e-m\libgcc.a(_arm_muldivdf3.o)
 .ARM.attributes
                0x0000051f       0x1e c:/program files (x86)/gnu_tools_arm_embedded/5.4_2016q3/bin/../lib/gcc/arm-none-eabi/5.4.1/armv7e-m\libgcc.a(_arm_cmpdf2.o)
 .ARM.attributes
                0x0000053d       0x1e c:/program files (x86)/gnu_tools_arm_embedded/5.4_2016q3/bin/../lib/gcc/arm-none-eabi/5.4.1/armv7e-m\libgcc.a(_arm_unorddf2.o)
 .ARM.attributes
                0x0000055b       0x1e c:/program files (x86)/gnu_tools_arm_embedded/5.4_2016q3/bin/../lib/gcc/arm-none-eabi/5.4.1/armv7e-m\libgcc.a(_arm_truncdfsf2.o)
 .ARM.attributes
                0x00000579       0x1e c:/program files (x86)/gnu_tools_arm_embedded/5.4_2016q3/bin/../lib/gcc/arm-none-eabi/5.4.1/armv7e-m\libgcc.a(_arm_addsubsf3.o)
 .ARM.attributes
                0x00000597       0x1e c:/program files (x86)/gnu_tools_arm_embedded/5.4_2016q3/bin/../lib/gcc/arm-none-eabi/5.4.1/armv7e-m\libgcc.a(_arm_muldivsf3.o)
 .ARM.attributes
                0x000005b5       0x1e c:/program files (x86)/gnu_tools_arm_embedded/5.4_2016q3/bin/../lib/gcc/arm-none-eabi/5.4.1/armv7e-m\libgcc.a(_arm_fixsfsi.o)
 .ARM.attributes
                0x000005d3       0x2e c:/program files (x86)/gnu_tools_arm_embedded/5.4_2016q3/bin/../lib/gcc/arm-none-eabi/5.4.1/../../../../arm-none-eabi/lib/armv7e-m\libc.a(lib_a-errno.o)
 .ARM.attributes
                0x00000601       0x2e c:/program files (x86)/gnu_tools_arm_embedded/5.4_2016q3/bin/../lib/gcc/arm-none-eabi/5.4.1/../../../../arm-none-eabi/lib/armv7e-m\libc.a(lib_a-impure.o)
 .ARM.attributes
                0x0000062f       0x2e c:/program files (x86)/gnu_tools_arm_embedded/5.4_2016q3/bin/../lib/gcc/arm-none-eabi/5.4.1/../../../../arm-none-eabi/lib/armv7e-m\libc.a(lib_a-snprintf.o)
 .ARM.attributes
                0x0000065d       0x2e c:/program files (x86)/gnu_tools_arm_embedded/5.4_2016q3/bin/../lib/gcc/arm-none-eabi/5.4.1/../../../../arm-none-eabi/lib/armv7e-m\libc.a(lib_a-svfprintf.o)
 .ARM.attributes
                0x0000068b       0x2e c:/program files (x86)/gnu_tools_arm_embedded/5.4_2016q3/bin/../lib/gcc/arm-none-eabi/5.4.1/../../../../arm-none-eabi/lib/armv7e-m\libc.a(lib_a-dtoa.o)
 .ARM.attributes
                0x000006b9       0x2e c:/program files (x86)/gnu_tools_arm_embedded/5.4_2016q3/bin/../lib/gcc/arm-none-eabi/5.4.1/../../../../arm-none-eabi/lib/armv7e-m\libc.a(lib_a-localeconv.o)
 .ARM.attributes
                0x000006e7       0x2e c:/program files (x86)/gnu_tools_arm_embedded/5.4_2016q3/bin/../lib/gcc/arm-none-eabi/5.4.1/../../../../arm-none-eabi/lib/armv7e-m\libc.a(lib_a-mallocr.o)
 .ARM.attributes
                0x00000715       0x1c c:/program files (x86)/gnu_tools_arm_embedded/5.4_2016q3/bin/../lib/gcc/arm-none-eabi/5.4.1/../../../../arm-none-eabi/lib/armv7e-m\libc.a(lib_a-memchr.o)
 .ARM.attributes
                0x00000731       0x1c c:/program files (x86)/gnu_tools_arm_embedded/5.4_2016q3/bin/../lib/gcc/arm-none-eabi/5.4.1/../../../../arm-none-eabi/lib/armv7e-m\libc.a(lib_a-memcpy.o)
 .ARM.attributes
                0x0000074d       0x2e c:/program files (x86)/gnu_tools_arm_embedded/5.4_2016q3/bin/../lib/gcc/arm-none-eabi/5.4.1/../../../../arm-none-eabi/lib/armv7e-m\libc.a(lib_a-mlock.o)
 .ARM.attributes
                0x0000077b       0x2e c:/program files (x86)/gnu_tools_arm_embedded/5.4_2016q3/bin/../lib/gcc/arm-none-eabi/5.4.1/../../../../arm-none-eabi/lib/armv7e-m\libc.a(lib_a-mprec.o)
 .ARM.attributes
                0x000007a9       0x2e c:/program files (x86)/gnu_tools_arm_embedded/5.4_2016q3/bin/../lib/gcc/arm-none-eabi/5.4.1/../../../../arm-none-eabi/lib/armv7e-m\libc.a(lib_a-sbrkr.o)
 .ARM.attributes
                0x000007d7       0x1c c:/program files (x86)/gnu_tools_arm_embedded/5.4_2016q3/bin/../lib/gcc/arm-none-eabi/5.4.1/../../../../arm-none-eabi/lib/armv7e-m\libc.a(lib_a-strlen.o)
 .ARM.attributes
                0x000007f3       0x2e c:/program files (x86)/gnu_tools_arm_embedded/5.4_2016q3/bin/../lib/gcc/arm-none-eabi/5.4.1/../../../../arm-none-eabi/lib/armv7e-m\libc.a(lib_a-svfiprintf.o)
 .ARM.attributes
                0x00000821       0x2e c:/program files (x86)/gnu_tools_arm_embedded/5.4_2016q3/bin/../lib/gcc/arm-none-eabi/5.4.1/../../../../arm-none-eabi/lib/armv7e-m\libc.a(lib_a-callocr.o)
 .ARM.attributes
                0x0000084f       0x2e c:/program files (x86)/gnu_tools_arm_embedded/5.4_2016q3/bin/../lib/gcc/arm-none-eabi/5.4.1/../../../../arm-none-eabi/lib/armv7e-m\libc.a(lib_a-freer.o)
 .ARM.attributes
                0x0000087d       0x2e c:/program files (x86)/gnu_tools_arm_embedded/5.4_2016q3/bin/../lib/gcc/arm-none-eabi/5.4.1/../../../../arm-none-eabi/lib/armv7e-m\libc.a(lib_a-locale.o)
 .ARM.attributes
                0x000008ab       0x2e c:/program files (x86)/gnu_tools_arm_embedded/5.4_2016q3/bin/../lib/gcc/arm-none-eabi/5.4.1/../../../../arm-none-eabi/lib/armv7e-m\libc.a(lib_a-mbtowc_r.o)
 .ARM.attributes
                0x000008d9       0x2e c:/program files (x86)/gnu_tools_arm_embedded/5.4_2016q3/bin/../lib/gcc/arm-none-eabi/5.4.1/../../../../arm-none-eabi/lib/armv7e-m\libc.a(lib_a-memmove.o)
 .ARM.attributes
                0x00000907       0x2e c:/program files (x86)/gnu_tools_arm_embedded/5.4_2016q3/bin/../lib/gcc/arm-none-eabi/5.4.1/../../../../arm-none-eabi/lib/armv7e-m\libc.a(lib_a-memset.o)
 .ARM.attributes
                0x00000935       0x2e c:/program files (x86)/gnu_tools_arm_embedded/5.4_2016q3/bin/../lib/gcc/arm-none-eabi/5.4.1/../../../../arm-none-eabi/lib/armv7e-m\libc.a(lib_a-reallocr.o)
 .ARM.attributes
                0x00000963       0x2e c:/program files (x86)/gnu_tools_arm_embedded/5.4_2016q3/bin/../lib/gcc/arm-none-eabi/5.4.1/../../../../arm-none-eabi/lib/armv7e-m\libc.a(lib_a-reent.o)
 .ARM.attributes
                0x00000991       0x2e c:/program files (x86)/gnu_tools_arm_embedded/5.4_2016q3/bin/../lib/gcc/arm-none-eabi/5.4.1/../../../../arm-none-eabi/lib/armv7e-m\libc.a(lib_a-wctomb_r.o)
 .ARM.attributes
                0x000009bf       0x2e c:/program files (x86)/gnu_tools_arm_embedded/5.4_2016q3/bin/../lib/gcc/arm-none-eabi/5.4.1/../../../../arm-none-eabi/lib/armv7e-m\libc.a(lib_a-ctype_.o)
 .ARM.attributes
                0x000009ed       0x1e c:/program files (x86)/gnu_tools_arm_embedded/5.4_2016q3/bin/../lib/gcc/arm-none-eabi/5.4.1/armv7e-m\libgcc.a(_arm_fixdfsi.o)
 .ARM.attributes
                0x00000a0b       0x1e c:/program files (x86)/gnu_tools_arm_embedded/5.4_2016q3/bin/../lib/gcc/arm-none-eabi/5.4.1/armv7e-m\libgcc.a(_aeabi_uldivmod.o)
 .ARM.attributes
                0x00000a29       0x2e c:/program files (x86)/gnu_tools_arm_embedded/5.4_2016q3/bin/../lib/gcc/arm-none-eabi/5.4.1/armv7e-m\libgcc.a(_udivmoddi4.o)
 .ARM.attributes
                0x00000a57       0x1e c:/program files (x86)/gnu_tools_arm_embedded/5.4_2016q3/bin/../lib/gcc/arm-none-eabi/5.4.1/armv7e-m\libgcc.a(_dvmd_tls.o)

.debug_frame    0x00000000     0x346c
 .debug_frame   0x00000000       0x4c ..\obj\startup_stm32f4xx.o
 .debug_frame   0x0000004c      0x11c ..\obj\main.o
 .debug_frame   0x00000168      0x6d4 ..\obj\stm32f4xx_rcc.o
 .debug_frame   0x0000083c      0x5ec ..\obj\stm32f4xx_adc.o
 .debug_frame   0x00000e28      0x190 ..\obj\helperFunctionsLib.o
 .debug_frame   0x00000fb8      0x23c ..\obj\stm32f4xx_gpio.o
 .debug_frame   0x000011f4       0x7c ..\obj\system_stm32f4xx.o
 .debug_frame   0x00001270      0x168 ..\obj\syscalls.o
 .debug_frame   0x000013d8      0x2b8 ..\obj\lcd_5110.o
 .debug_frame   0x00001690      0x3f4 ..\obj\stm32f4xx_spi.o
 .debug_frame   0x00001a84      0xe54 ..\obj\stm32f4xx_tim.o
 .debug_frame   0x000028d8       0x28 c:/program files (x86)/gnu_tools_arm_embedded/5.4_2016q3/bin/../lib/gcc/arm-none-eabi/5.4.1/../../../../arm-none-eabi/lib/armv7e-m\libm.a(lib_a-sf_round.o)
 .debug_frame   0x00002900       0x40 c:/program files (x86)/gnu_tools_arm_embedded/5.4_2016q3/bin/../lib/gcc/arm-none-eabi/5.4.1/../../../../arm-none-eabi/lib/armv7e-m\libm.a(lib_a-w_log10.o)
 .debug_frame   0x00002940       0x4c c:/program files (x86)/gnu_tools_arm_embedded/5.4_2016q3/bin/../lib/gcc/arm-none-eabi/5.4.1/../../../../arm-none-eabi/lib/armv7e-m\libm.a(lib_a-w_pow.o)
 .debug_frame   0x0000298c       0x34 c:/program files (x86)/gnu_tools_arm_embedded/5.4_2016q3/bin/../lib/gcc/arm-none-eabi/5.4.1/../../../../arm-none-eabi/lib/armv7e-m\libm.a(lib_a-e_log10.o)
 .debug_frame   0x000029c0       0x68 c:/program files (x86)/gnu_tools_arm_embedded/5.4_2016q3/bin/../lib/gcc/arm-none-eabi/5.4.1/../../../../arm-none-eabi/lib/armv7e-m\libm.a(lib_a-e_pow.o)
 .debug_frame   0x00002a28       0x34 c:/program files (x86)/gnu_tools_arm_embedded/5.4_2016q3/bin/../lib/gcc/arm-none-eabi/5.4.1/../../../../arm-none-eabi/lib/armv7e-m\libm.a(lib_a-e_sqrt.o)
 .debug_frame   0x00002a5c       0x20 c:/program files (x86)/gnu_tools_arm_embedded/5.4_2016q3/bin/../lib/gcc/arm-none-eabi/5.4.1/../../../../arm-none-eabi/lib/armv7e-m\libm.a(lib_a-s_fabs.o)
 .debug_frame   0x00002a7c       0x20 c:/program files (x86)/gnu_tools_arm_embedded/5.4_2016q3/bin/../lib/gcc/arm-none-eabi/5.4.1/../../../../arm-none-eabi/lib/armv7e-m\libm.a(lib_a-s_finite.o)
 .debug_frame   0x00002a9c       0x20 c:/program files (x86)/gnu_tools_arm_embedded/5.4_2016q3/bin/../lib/gcc/arm-none-eabi/5.4.1/../../../../arm-none-eabi/lib/armv7e-m\libm.a(lib_a-s_matherr.o)
 .debug_frame   0x00002abc       0x20 c:/program files (x86)/gnu_tools_arm_embedded/5.4_2016q3/bin/../lib/gcc/arm-none-eabi/5.4.1/../../../../arm-none-eabi/lib/armv7e-m\libm.a(lib_a-s_nan.o)
 .debug_frame   0x00002adc       0x3c c:/program files (x86)/gnu_tools_arm_embedded/5.4_2016q3/bin/../lib/gcc/arm-none-eabi/5.4.1/../../../../arm-none-eabi/lib/armv7e-m\libm.a(lib_a-s_rint.o)
 .debug_frame   0x00002b18       0x30 c:/program files (x86)/gnu_tools_arm_embedded/5.4_2016q3/bin/../lib/gcc/arm-none-eabi/5.4.1/../../../../arm-none-eabi/lib/armv7e-m\libm.a(lib_a-s_scalbn.o)
 .debug_frame   0x00002b48       0x54 c:/program files (x86)/gnu_tools_arm_embedded/5.4_2016q3/bin/../lib/gcc/arm-none-eabi/5.4.1/../../../../arm-none-eabi/lib/armv7e-m\libm.a(lib_a-e_log.o)
 .debug_frame   0x00002b9c       0x20 c:/program files (x86)/gnu_tools_arm_embedded/5.4_2016q3/bin/../lib/gcc/arm-none-eabi/5.4.1/../../../../arm-none-eabi/lib/armv7e-m\libm.a(lib_a-s_copysign.o)
 .debug_frame   0x00002bbc       0x20 c:/program files (x86)/gnu_tools_arm_embedded/5.4_2016q3/bin/../lib/gcc/arm-none-eabi/5.4.1/../../../../arm-none-eabi/lib/armv7e-m\libc.a(lib_a-errno.o)
 .debug_frame   0x00002bdc       0xd0 c:/program files (x86)/gnu_tools_arm_embedded/5.4_2016q3/bin/../lib/gcc/arm-none-eabi/5.4.1/../../../../arm-none-eabi/lib/armv7e-m\libc.a(lib_a-snprintf.o)
 .debug_frame   0x00002cac       0x44 c:/program files (x86)/gnu_tools_arm_embedded/5.4_2016q3/bin/../lib/gcc/arm-none-eabi/5.4.1/../../../../arm-none-eabi/lib/armv7e-m\libc.a(lib_a-svfprintf.o)
 .debug_frame   0x00002cf0       0x88 c:/program files (x86)/gnu_tools_arm_embedded/5.4_2016q3/bin/../lib/gcc/arm-none-eabi/5.4.1/../../../../arm-none-eabi/lib/armv7e-m\libc.a(lib_a-dtoa.o)
 .debug_frame   0x00002d78       0x40 c:/program files (x86)/gnu_tools_arm_embedded/5.4_2016q3/bin/../lib/gcc/arm-none-eabi/5.4.1/../../../../arm-none-eabi/lib/armv7e-m\libc.a(lib_a-localeconv.o)
 .debug_frame   0x00002db8       0x58 c:/program files (x86)/gnu_tools_arm_embedded/5.4_2016q3/bin/../lib/gcc/arm-none-eabi/5.4.1/../../../../arm-none-eabi/lib/armv7e-m\libc.a(lib_a-mallocr.o)
 .debug_frame   0x00002e10       0x30 c:/program files (x86)/gnu_tools_arm_embedded/5.4_2016q3/bin/../lib/gcc/arm-none-eabi/5.4.1/../../../../arm-none-eabi/lib/armv7e-m\libc.a(lib_a-mlock.o)
 .debug_frame   0x00002e40      0x264 c:/program files (x86)/gnu_tools_arm_embedded/5.4_2016q3/bin/../lib/gcc/arm-none-eabi/5.4.1/../../../../arm-none-eabi/lib/armv7e-m\libc.a(lib_a-mprec.o)
 .debug_frame   0x000030a4       0x2c c:/program files (x86)/gnu_tools_arm_embedded/5.4_2016q3/bin/../lib/gcc/arm-none-eabi/5.4.1/../../../../arm-none-eabi/lib/armv7e-m\libc.a(lib_a-sbrkr.o)
 .debug_frame   0x000030d0       0x78 c:/program files (x86)/gnu_tools_arm_embedded/5.4_2016q3/bin/../lib/gcc/arm-none-eabi/5.4.1/../../../../arm-none-eabi/lib/armv7e-m\libc.a(lib_a-svfiprintf.o)
 .debug_frame   0x00003148       0x28 c:/program files (x86)/gnu_tools_arm_embedded/5.4_2016q3/bin/../lib/gcc/arm-none-eabi/5.4.1/../../../../arm-none-eabi/lib/armv7e-m\libc.a(lib_a-callocr.o)
 .debug_frame   0x00003170       0x74 c:/program files (x86)/gnu_tools_arm_embedded/5.4_2016q3/bin/../lib/gcc/arm-none-eabi/5.4.1/../../../../arm-none-eabi/lib/armv7e-m\libc.a(lib_a-freer.o)
 .debug_frame   0x000031e4       0x84 c:/program files (x86)/gnu_tools_arm_embedded/5.4_2016q3/bin/../lib/gcc/arm-none-eabi/5.4.1/../../../../arm-none-eabi/lib/armv7e-m\libc.a(lib_a-locale.o)
 .debug_frame   0x00003268       0x4c c:/program files (x86)/gnu_tools_arm_embedded/5.4_2016q3/bin/../lib/gcc/arm-none-eabi/5.4.1/../../../../arm-none-eabi/lib/armv7e-m\libc.a(lib_a-mbtowc_r.o)
 .debug_frame   0x000032b4       0x30 c:/program files (x86)/gnu_tools_arm_embedded/5.4_2016q3/bin/../lib/gcc/arm-none-eabi/5.4.1/../../../../arm-none-eabi/lib/armv7e-m\libc.a(lib_a-memmove.o)
 .debug_frame   0x000032e4       0x34 c:/program files (x86)/gnu_tools_arm_embedded/5.4_2016q3/bin/../lib/gcc/arm-none-eabi/5.4.1/../../../../arm-none-eabi/lib/armv7e-m\libc.a(lib_a-memset.o)
 .debug_frame   0x00003318       0x60 c:/program files (x86)/gnu_tools_arm_embedded/5.4_2016q3/bin/../lib/gcc/arm-none-eabi/5.4.1/../../../../arm-none-eabi/lib/armv7e-m\libc.a(lib_a-reallocr.o)
 .debug_frame   0x00003378       0x58 c:/program files (x86)/gnu_tools_arm_embedded/5.4_2016q3/bin/../lib/gcc/arm-none-eabi/5.4.1/../../../../arm-none-eabi/lib/armv7e-m\libc.a(lib_a-reent.o)
 .debug_frame   0x000033d0       0x3c c:/program files (x86)/gnu_tools_arm_embedded/5.4_2016q3/bin/../lib/gcc/arm-none-eabi/5.4.1/../../../../arm-none-eabi/lib/armv7e-m\libc.a(lib_a-wctomb_r.o)
 .debug_frame   0x0000340c       0x2c c:/program files (x86)/gnu_tools_arm_embedded/5.4_2016q3/bin/../lib/gcc/arm-none-eabi/5.4.1/armv7e-m\libgcc.a(_aeabi_uldivmod.o)
 .debug_frame   0x00003438       0x34 c:/program files (x86)/gnu_tools_arm_embedded/5.4_2016q3/bin/../lib/gcc/arm-none-eabi/5.4.1/armv7e-m\libgcc.a(_udivmoddi4.o)
